name = Лес второй итерации
zone = flora
size_chunks = 1
# ИСТОЧНИК: смотровая площадка ВТОРОЙ ИТЕРАЦИИ ДЕРЕВЬЕВ (заказ владельца
# 28.08.2026 по записке docs/reports/trees-g3/index.html). Земля — генератор
# галереи ПЛЮС склон 10 градусов из assets/scenes/trees-v2.relief: наклон и
# изгиб ствола второй итерации существуют только на уклоне. Состав — сцена
# assets/scenes/trees-v2.scene: шесть пар «первая итерация рядом со второй»
# на ровном лугу, три рощицы на склоне (лесной дуб, бук, многоствольная
# ольха) и многоствольные одиночки на верхней террасе.
#
# ЯРУСЫ (волна 28.08 по записке docs/reports/trees-tiers/index.html): под
# рощицы посеяны КУРТИНЫ подлеска, сплошной ковёр мха и травы с переключением
# по видимости неба, редкие акценты группами и ярус ПОДРОСТА 1-3 м. Закон
# посева — tools/flora_sow.py; платы ковра и подрост — assets/objects/tiers.
# ТРИ ПОЛКИ, потому что композиция стоит на деревьях v2, кузницах полянки и
# новой полке ярусов сразу.
source = stand:Gallery
scene = assets/scenes/trees-v2.scene
objects = assets/objects/trees;assets/objects/glade;assets/objects/tiers
description = Деревья v2 и ЯРУСЫ: куртины подлеска, ковёр по свету, подрост.
built_commit =
