# Daggerfall N state capture
# Restore with: DFN_RESTORE=<this file> DFN_MENU=0 ./dfn_app
captured_at = 17:08:2026 - 13:14:58
build_commit = 54d5ca9+dirty
stand = 3
seed = 1
game_seconds = 1211.600000
day_fraction = 0.420694
lunar_phase = 0.015025
pos_x = 128.000000
pos_y = 63.686119
pos_z = 244.000000
yaw = 0.000000
pitch = -0.420000
look_x = 0.000000
look_y = -0.407760
look_z = -0.913089
speed_mps = 0.021057
vertical_velocity = 0.000000
stride_phase = 0.000000
gait = 0
locomotion = 0
grounded = 1
crouched = 0
water_depth = 0.000000
internal_w = 1920
internal_h = 1080
fov_y_rad = 1.309000
head_bob = 1.000000
palette_post = 0
wind_strength = 0.481337
cloud_cover = 0.450000
ambient_darkness = 0.000000
fps = 120.014
frame_ms = 8.332
frame_ms_worst = 8.627
chunks_resident = 1
lod_nodes = 0
