# Daggerfall N state capture
# Restore with: DFN_RESTORE=<this file> DFN_MENU=0 ./dfn_app
captured_at = 17:08:2026 - 13:29:24
build_commit = 87d4480+dirty
stand = 3
seed = 1
game_seconds = 1154.000000
day_fraction = 0.400694
lunar_phase = 0.014311
pos_x = 135.000000
pos_y = 27.500877
pos_z = 156.000000
yaw = 0.149648
pitch = 0.216797
look_x = 0.145601
look_y = 0.215103
look_z = -0.965677
speed_mps = 0.000000
vertical_velocity = 0.000000
stride_phase = 0.000000
gait = 0
locomotion = 0
grounded = 1
crouched = 0
water_depth = 0.000000
internal_w = 1920
internal_h = 1080
fov_y_rad = 1.309000
head_bob = 1.000000
palette_post = 0
wind_strength = 0.265545
cloud_cover = 0.450000
ambient_darkness = 0.000000
fps = 117.992
frame_ms = 8.475
frame_ms_worst = 17.739
chunks_resident = 1
lod_nodes = 0
