# Daggerfall N state capture
# Restore with: DFN_RESTORE=<this file> DFN_MENU=0 ./dfn_app
captured_at = 17:08:2026 - 13:29:31
build_commit = 87d4480+dirty
stand = 3
seed = 1
game_seconds = 1154.000000
day_fraction = 0.400694
lunar_phase = 0.014311
pos_x = 124.000000
pos_y = 27.700878
pos_z = 126.000000
yaw = 0.633094
pitch = -0.178687
look_x = 0.582222
look_y = -0.177738
look_z = -0.793365
speed_mps = 0.000000
vertical_velocity = 0.000000
stride_phase = 0.000000
gait = 0
locomotion = 0
grounded = 1
crouched = 0
water_depth = 0.000000
internal_w = 1920
internal_h = 1080
fov_y_rad = 1.309000
head_bob = 1.000000
palette_post = 0
wind_strength = 0.265545
cloud_cover = 0.450000
ambient_darkness = 0.000000
fps = 119.992
frame_ms = 8.334
frame_ms_worst = 18.416
chunks_resident = 1
lod_nodes = 0
