# Daggerfall N state capture
# Restore with: DFN_RESTORE=<this file> DFN_MENU=0 ./dfn_app
captured_at = 28:08:2026 - 12:33:35
build_commit = f8a9a8f+dirty
stand = 3
seed = 1
game_seconds = 869.500000
day_fraction = 0.301910
lunar_phase = 0.010782
pos_x = 140.500000
pos_y = -998.150146
pos_z = 132.949997
yaw = 3.141593
pitch = 0.000000
look_x = 0.000000
look_y = 0.000000
look_z = 1.000000
speed_mps = 0.000000
vertical_velocity = 0.000000
stride_phase = 0.000000
gait = 0
locomotion = 0
grounded = 1
crouched = 0
water_depth = 0.000000
internal_w = 1920
internal_h = 1080
fov_y_rad = 1.309000
head_bob = 1.000000
palette_post = 0
wind_strength = 0.563191
cloud_cover = 0.250000
ambient_darkness = 0.000000
fps = 243.466
frame_ms = 4.107
frame_ms_worst = 5.155
chunks_resident = 1
lod_nodes = 0
