# Daggerfall N state capture
# Restore with: DFN_RESTORE=<this file> DFN_MENU=0 ./dfn_app
captured_at = 28:08:2026 - 12:24:51
build_commit = f8a9a8f+dirty
stand = 3
seed = 1
game_seconds = 865.500000
day_fraction = 0.300521
lunar_phase = 0.010733
pos_x = 140.500000
pos_y = -997.138062
pos_z = 130.858154
yaw = 3.141593
pitch = -0.314159
look_x = 0.000000
look_y = -0.309017
look_z = 0.951057
speed_mps = 0.000000
vertical_velocity = 0.000000
stride_phase = 0.000000
gait = 0
locomotion = 0
grounded = 1
crouched = 0
water_depth = 0.000000
internal_w = 1920
internal_h = 1080
fov_y_rad = 1.309000
head_bob = 1.000000
palette_post = 0
wind_strength = 0.179180
cloud_cover = 0.250000
ambient_darkness = 0.000000
fps = 246.949
frame_ms = 4.049
frame_ms_worst = 4.531
chunks_resident = 1
lod_nodes = 0
