# Daggerfall N state capture
# Restore with: DFN_RESTORE=<this file> DFN_MENU=0 ./dfn_app
captured_at = 28:08:2026 - 12:31:53
build_commit = f8a9a8f+dirty
stand = 3
seed = 1
game_seconds = 865.500000
day_fraction = 0.300521
lunar_phase = 0.010733
pos_x = 132.155045
pos_y = -997.384155
pos_z = 135.318359
yaw = -1.570796
pitch = -0.209440
look_x = -0.978148
look_y = -0.207912
look_z = 0.000000
speed_mps = 0.000000
vertical_velocity = 0.000000
stride_phase = 0.000000
gait = 0
locomotion = 0
grounded = 1
crouched = 0
water_depth = 0.000000
internal_w = 1920
internal_h = 1080
fov_y_rad = 1.309000
head_bob = 1.000000
palette_post = 0
wind_strength = 0.179180
cloud_cover = 0.250000
ambient_darkness = 0.000000
fps = 95.537
frame_ms = 10.467
frame_ms_worst = 21.401
chunks_resident = 1
lod_nodes = 0
