# Daggerfall N per-frame log -- one line per PRESENTED frame.
# No readback, no settle, no cooldown: this instrument cannot
# quiet the thing it is pointed at. Between-frames motion is
# arithmetic on adjacent lines.
# frame dt_ms game_s speed fov_y eye_x eye_y eye_z yaw pitch
0 40.0569 864.040057 0.000000 1.30900002 128.000000 22.549688 127.900009 0.000000 0.000000
1 134.1971 864.174254 0.000000 1.30900002 128.000000 22.488705 127.900002 0.000000 0.000000
2 143.6136 864.317868 0.028025 1.30900002 127.999977 22.373528 127.900024 0.000000 0.000000
3 97.3314 864.415199 0.004578 1.30900002 127.999336 22.321960 127.900513 0.000000 0.000000
4 116.8671 864.532066 0.004578 1.30900002 127.999031 22.339184 127.900742 0.000000 0.000000
5 303.9194 864.835986 0.004578 1.30900002 127.998764 22.356840 127.900940 0.000000 0.000000
6 161.7157 864.997701 0.004578 1.30900002 127.998428 22.357567 127.901199 0.000000 0.000000
7 114.2236 865.111925 0.004578 1.30900002 127.998123 22.357555 127.901428 0.000000 0.000000
8 157.4403 865.269365 0.004578 1.30900002 127.997849 22.357544 127.901627 0.000000 0.000000
9 2.8981 865.272263 0.004578 1.30900002 127.997849 22.357546 127.901634 0.000000 0.000000
10 5.1806 865.277444 0.004578 1.30900002 127.997826 22.357544 127.901642 0.000000 0.000000
11 8.0675 865.285511 0.004578 1.30900002 127.997795 22.357542 127.901665 0.000000 0.000000
12 8.3022 865.293814 0.004578 1.30900002 127.997765 22.357540 127.901695 0.000000 0.000000
13 8.3592 865.302173 0.004578 1.30900002 127.997734 22.357540 127.901718 0.000000 0.000000
14 8.5132 865.310686 0.004578 1.30900002 127.997704 22.357540 127.901741 0.000000 0.000000
15 8.1145 865.318801 0.004578 1.30900002 127.997673 22.357538 127.901764 0.000000 0.000000
16 8.3133 865.327114 0.004578 1.30900002 127.997635 22.357536 127.901779 0.000000 0.000000
17 8.3530 865.335467 0.004578 1.30900002 127.997612 22.357536 127.901810 0.000000 0.000000
18 8.3296 865.343796 0.004578 1.30900002 127.997581 22.357536 127.901833 0.000000 0.000000
19 8.5919 865.352388 0.004578 1.30900002 127.997543 22.357534 127.901855 0.000000 0.000000
20 8.0543 865.360443 0.004578 1.30900002 127.997513 22.357533 127.901871 0.000000 0.000000
21 8.3421 865.368785 0.004578 1.30900002 127.997498 22.357533 127.901901 0.000000 0.000000
22 8.6051 865.377390 0.004578 1.30900002 127.997459 22.357531 127.901932 0.000000 0.000000
23 8.0489 865.385439 0.004578 1.30900002 127.997429 22.357529 127.901947 0.000000 0.000000
24 8.6010 865.394040 0.004578 1.30900002 127.997398 22.357529 127.901962 0.000000 0.000000
25 8.1296 865.402169 0.004578 1.30900002 127.997375 22.357529 127.901993 0.000000 0.000000
26 8.2910 865.410460 0.004578 1.30900002 127.997337 22.357525 127.902016 0.000000 0.000000
27 8.5718 865.419032 0.004578 1.30900002 127.997314 22.357525 127.902039 0.000000 0.000000
28 8.1102 865.427142 0.004578 1.30900002 127.997276 22.357525 127.902061 0.000000 0.000000
29 8.5857 865.435728 0.004578 1.30900002 127.997246 22.357523 127.902084 0.000000 0.000000
30 8.0728 865.443801 0.004578 1.30900002 127.997215 22.357521 127.902107 0.000000 0.000000
31 8.3122 865.452113 0.004578 1.30900002 127.997185 22.357519 127.902122 0.000000 0.000000
32 8.5735 865.460686 0.004578 1.30900002 127.997154 22.357519 127.902153 0.000000 0.000000
33 8.1315 865.468818 0.004578 1.30900002 127.997131 22.357517 127.902176 0.000000 0.000000
34 8.3313 865.477149 0.004578 1.30900002 127.997086 22.357517 127.902199 0.000000 0.000000
35 8.3277 865.485477 0.004578 1.30900002 127.997063 22.357515 127.902222 0.000000 0.000000
36 8.7347 865.494211 0.004578 1.30900002 127.997025 22.357513 127.902237 0.000000 0.000000
37 7.9047 865.502116 0.004578 1.30900002 127.997009 22.357513 127.902267 0.000000 0.000000
38 8.7853 865.510901 0.004578 1.30900002 127.996964 22.357512 127.902283 0.000000 0.000000
39 8.1345 865.519036 0.004578 1.30900002 127.996941 22.357513 127.902313 0.000000 0.000000
40 8.0808 865.527117 0.004578 1.30900002 127.996910 22.357510 127.902328 0.000000 0.000000
41 8.3882 865.535505 0.004578 1.30900002 127.996880 22.357510 127.902359 0.000000 0.000000
42 8.5310 865.544036 0.004578 1.30900002 127.996849 22.357508 127.902382 0.000000 0.000000
43 8.1868 865.552223 0.004578 1.30900002 127.996811 22.357504 127.902397 0.000000 0.000000
44 8.2327 865.560455 0.004578 1.30900002 127.996788 22.357506 127.902420 0.000000 0.000000
45 8.7279 865.569183 0.004578 1.30900002 127.996758 22.357504 127.902458 0.000000 0.000000
46 8.2223 865.577405 0.004578 1.30900002 127.996727 22.357502 127.902473 0.000000 0.000000
47 8.1036 865.585509 0.004578 1.30900002 127.996696 22.357502 127.902496 0.000000 0.000000
48 8.5124 865.594021 0.004578 1.30900002 127.996666 22.357500 127.902527 0.000000 0.000000
49 8.1229 865.602144 0.004578 1.30900002 127.996643 22.357500 127.902542 0.000000 0.000000
50 8.5297 865.610674 0.004578 1.30900002 127.996605 22.357498 127.902557 0.000000 0.000000
51 8.1114 865.618785 0.004578 1.30900002 127.996567 22.357496 127.902580 0.000000 0.000000
52 8.5927 865.627378 0.004578 1.30900002 127.996544 22.357496 127.902603 0.000000 0.000000
53 8.1416 865.635520 0.004578 1.30900002 127.996521 22.357494 127.902634 0.000000 0.000000
54 8.2443 865.643764 0.004578 1.30900002 127.996490 22.357494 127.902649 0.000000 0.000000
55 8.5792 865.652343 0.004578 1.30900002 127.996452 22.357494 127.902679 0.000000 0.000000
56 8.1568 865.660500 0.004578 1.30900002 127.996429 22.357491 127.902702 0.000000 0.000000
57 8.5886 865.669089 0.004578 1.30900002 127.996399 22.357491 127.902725 0.000000 0.000000
58 8.2863 865.677375 0.004578 1.30900002 127.996368 22.357489 127.902740 0.000000 0.000000
59 8.1906 865.685565 0.004578 1.30900002 127.996330 22.357491 127.902771 0.000000 0.000000
60 8.2915 865.693857 0.004578 1.30900002 127.996300 22.357487 127.902786 0.000000 0.000000
61 8.3279 865.702185 0.004578 1.30900002 127.996262 22.357485 127.902809 0.000000 0.000000
62 8.2757 865.710461 0.004578 1.30900002 127.996246 22.357483 127.902832 0.000000 0.000000
63 8.3447 865.718805 0.004578 1.30900002 127.996216 22.357483 127.902863 0.000000 0.000000
64 8.3790 865.727184 0.004578 1.30900002 127.996178 22.357483 127.902885 0.000000 0.000000
65 8.5700 865.735754 0.004578 1.30900002 127.996147 22.357481 127.902908 0.000000 0.000000
66 8.0511 865.743805 0.004578 1.30900002 127.996109 22.357479 127.902924 0.000000 0.000000
67 8.3262 865.752131 0.004578 1.30900002 127.996086 22.357479 127.902954 0.000000 0.000000
68 8.3457 865.760477 0.004578 1.30900002 127.996056 22.357479 127.902977 0.000000 0.000000
69 8.5743 865.769051 0.004578 1.30900002 127.996025 22.357477 127.903000 0.000000 0.000000
70 8.4189 865.777470 0.004578 1.30900002 127.995995 22.357475 127.903023 0.000000 0.000000
71 8.0123 865.785483 0.004578 1.30900002 127.995964 22.357475 127.903046 0.000000 0.000000
72 8.2898 865.793772 0.004578 1.30900002 127.995926 22.357473 127.903076 0.000000 0.000000
73 8.6152 865.802388 0.004578 1.30900002 127.995911 22.357471 127.903091 0.000000 0.000000
74 8.1102 865.810498 0.004578 1.30900002 127.995865 22.357470 127.903107 0.000000 0.000000
75 8.2878 865.818786 0.004578 1.30900002 127.995842 22.357470 127.903137 0.000000 0.000000
76 8.5659 865.827352 0.004578 1.30900002 127.995811 22.357468 127.903160 0.000000 0.000000
77 8.1224 865.835474 0.004578 1.30900002 127.995773 22.357468 127.903175 0.000000 0.000000
78 8.5670 865.844041 0.004578 1.30900002 127.995743 22.357468 127.903198 0.000000 0.000000
79 8.3631 865.852404 0.004578 1.30900002 127.995712 22.357464 127.903229 0.000000 0.000000
80 8.0656 865.860470 0.004578 1.30900002 127.995689 22.357464 127.903244 0.000000 0.000000
81 8.3763 865.868846 0.004578 1.30900002 127.995659 22.357462 127.903275 0.000000 0.000000
82 8.4893 865.877335 0.004578 1.30900002 127.995621 22.357460 127.903297 0.000000 0.000000
83 8.1387 865.885474 0.004578 1.30900002 127.995590 22.357458 127.903320 0.000000 0.000000
84 8.2812 865.893755 0.004578 1.30900002 127.995567 22.357460 127.903336 0.000000 0.000000
85 9.2551 865.903010 0.004578 1.30900002 127.995529 22.357456 127.903366 0.000000 0.000000
86 15.8096 865.918820 0.004578 1.30900002 127.995468 22.357456 127.903412 0.000000 0.000000
87 2.3909 865.921211 0.004578 1.30900002 127.995468 22.357456 127.903419 0.000000 0.000000
88 5.9439 865.927155 0.004578 1.30900002 127.995438 22.357456 127.903427 0.000000 0.000000
89 8.5730 865.935728 0.004578 1.30900002 127.995415 22.357454 127.903458 0.000000 0.000000
90 8.2924 865.944020 0.004578 1.30900002 127.995377 22.357452 127.903473 0.000000 0.000000
91 8.0923 865.952112 0.004578 1.30900002 127.995354 22.357452 127.903503 0.000000 0.000000
92 8.3224 865.960435 0.004578 1.30900002 127.995316 22.357452 127.903519 0.000000 0.000000
93 8.3162 865.968751 0.004578 1.30900002 127.995293 22.357450 127.903549 0.000000 0.000000
94 8.3191 865.977070 0.004578 1.30900002 127.995255 22.357449 127.903572 0.000000 0.000000
95 8.6629 865.985733 0.004578 1.30900002 127.995224 22.357445 127.903587 0.000000 0.000000
96 8.3751 865.994108 0.004578 1.30900002 127.995193 22.357445 127.903610 0.000000 0.000000
97 8.0564 866.002164 0.004578 1.30900002 127.995171 22.357445 127.903641 0.000000 0.000000
98 8.3087 866.010473 0.004578 1.30900002 127.995140 22.357445 127.903664 0.000000 0.000000
99 8.5560 866.019029 0.004578 1.30900002 127.995110 22.357443 127.903687 0.000000 0.000000
100 8.4210 866.027450 0.004578 1.30900002 127.995079 22.357441 127.903702 0.000000 0.000000
101 7.9985 866.035449 0.004578 1.30900002 127.995049 22.357441 127.903732 0.000000 0.000000
102 8.3320 866.043781 0.004578 1.30900002 127.995018 22.357439 127.903755 0.000000 0.000000
103 8.5637 866.052344 0.004578 1.30900002 127.994987 22.357439 127.903778 0.000000 0.000000
104 8.3420 866.060686 0.004578 1.30900002 127.994949 22.357437 127.903801 0.000000 0.000000
105 8.1138 866.068800 0.004578 1.30900002 127.994926 22.357435 127.903824 0.000000 0.000000
106 8.5660 866.077366 0.004578 1.30900002 127.994904 22.357433 127.903854 0.000000 0.000000
107 8.1513 866.085517 0.004578 1.30900002 127.994873 22.357435 127.903870 0.000000 0.000000
108 8.2769 866.093794 0.004578 1.30900002 127.994835 22.357433 127.903893 0.000000 0.000000
109 8.2990 866.102093 0.004578 1.30900002 127.994804 22.357431 127.903915 0.000000 0.000000
110 8.6466 866.110740 0.004578 1.30900002 127.994774 22.357430 127.903938 0.000000 0.000000
111 8.0767 866.118817 0.004578 1.30900002 127.994751 22.357430 127.903961 0.000000 0.000000
112 8.5617 866.127378 0.004578 1.30900002 127.994713 22.357428 127.903984 0.000000 0.000000
113 8.0905 866.135469 0.004578 1.30900002 127.994682 22.357428 127.904007 0.000000 0.000000
114 8.2914 866.143760 0.004578 1.30900002 127.994659 22.357426 127.904030 0.000000 0.000000
115 8.5754 866.152336 0.004578 1.30900002 127.994621 22.357422 127.904045 0.000000 0.000000
116 8.1295 866.160465 0.004578 1.30900002 127.994591 22.357422 127.904076 0.000000 0.000000
117 8.3022 866.168767 0.004578 1.30900002 127.994568 22.357422 127.904099 0.000000 0.000000
118 8.3567 866.177124 0.004578 1.30900002 127.994522 22.357422 127.904114 0.000000 0.000000
119 8.5581 866.185682 0.004578 1.30900002 127.994492 22.357418 127.904144 0.000000 0.000000
120 8.1164 866.193799 0.004578 1.30900002 127.994469 22.357418 127.904160 0.000000 0.000000
121 8.5672 866.202366 0.004578 1.30900002 127.994431 22.357418 127.904190 0.000000 0.000000
122 8.0982 866.210464 0.004578 1.30900002 127.994408 22.357416 127.904213 0.000000 0.000000
123 8.2810 866.218745 0.004578 1.30900002 127.994385 22.357414 127.904236 0.000000 0.000000
124 8.5990 866.227344 0.004578 1.30900002 127.994339 22.357414 127.904259 0.000000 0.000000
125 8.0884 866.235432 0.004578 1.30900002 127.994324 22.357412 127.904282 0.000000 0.000000
126 8.3350 866.243767 0.004578 1.30900002 127.994286 22.357410 127.904305 0.000000 0.000000
127 8.3077 866.252075 0.004578 1.30900002 127.994263 22.357410 127.904327 0.000000 0.000000
128 8.3697 866.260445 0.004578 1.30900002 127.994232 22.357410 127.904350 0.000000 0.000000
129 8.6019 866.269047 0.004578 1.30900002 127.994194 22.357409 127.904373 0.000000 0.000000
130 8.1499 866.277196 0.004578 1.30900002 127.994164 22.357407 127.904388 0.000000 0.000000
131 8.5405 866.285737 0.004578 1.30900002 127.994133 22.357405 127.904419 0.000000 0.000000
132 8.0400 866.293777 0.004578 1.30900002 127.994102 22.357407 127.904442 0.000000 0.000000
133 8.3377 866.302115 0.004578 1.30900002 127.994064 22.357405 127.904457 0.000000 0.000000
134 8.3216 866.310436 0.004578 1.30900002 127.994041 22.357403 127.904480 0.000000 0.000000
135 8.5965 866.319033 0.004578 1.30900002 127.994011 22.357401 127.904510 0.000000 0.000000
136 8.3152 866.327348 0.004578 1.30900002 127.993973 22.357399 127.904533 0.000000 0.000000
137 8.3437 866.335692 0.004578 1.30900002 127.993950 22.357399 127.904556 0.000000 0.000000
138 8.1947 866.343886 0.004578 1.30900002 127.993912 22.357399 127.904572 0.000000 0.000000
139 8.4359 866.352322 0.004578 1.30900002 127.993881 22.357397 127.904602 0.000000 0.000000
140 8.1540 866.360476 0.004578 1.30900002 127.993858 22.357395 127.904617 0.000000 0.000000
141 8.5045 866.368981 0.004578 1.30900002 127.993820 22.357395 127.904640 0.000000 0.000000
142 8.4098 866.377391 0.004578 1.30900002 127.993797 22.357393 127.904678 0.000000 0.000000
143 8.0888 866.385479 0.004578 1.30900002 127.993774 22.357393 127.904694 0.000000 0.000000
144 8.3041 866.393784 0.004578 1.30900002 127.993729 22.357391 127.904709 0.000000 0.000000
145 8.3804 866.402164 0.004578 1.30900002 127.993713 22.357389 127.904739 0.000000 0.000000
146 8.5040 866.410668 0.004578 1.30900002 127.993668 22.357388 127.904755 0.000000 0.000000
147 8.4394 866.419107 0.004578 1.30900002 127.993637 22.357386 127.904785 0.000000 0.000000
148 8.0673 866.427175 0.004578 1.30900002 127.993607 22.357388 127.904808 0.000000 0.000000
149 8.2622 866.435437 0.004578 1.30900002 127.993584 22.357386 127.904831 0.000000 0.000000
150 8.3395 866.443776 0.004578 1.30900002 127.993561 22.357384 127.904846 0.000000 0.000000
151 8.5558 866.452332 0.004578 1.30900002 127.993530 22.357384 127.904877 0.000000 0.000000
152 8.1519 866.460484 0.004578 1.30900002 127.993500 22.357382 127.904892 0.000000 0.000000
153 8.5821 866.469066 0.004578 1.30900002 127.993462 22.357382 127.904922 0.000000 0.000000
154 8.0471 866.477113 0.004578 1.30900002 127.993423 22.357380 127.904945 0.000000 0.000000
155 8.2930 866.485406 0.004578 1.30900002 127.993393 22.357378 127.904961 0.000000 0.000000
156 8.6277 866.494034 0.004578 1.30900002 127.993362 22.357376 127.904991 0.000000 0.000000
157 8.4689 866.502503 0.004578 1.30900002 127.993332 22.357376 127.905014 0.000000 0.000000
158 7.9534 866.510456 0.004578 1.30900002 127.993309 22.357374 127.905029 0.000000 0.000000
159 8.5456 866.519002 0.004578 1.30900002 127.993271 22.357372 127.905060 0.000000 0.000000
160 8.3383 866.527340 0.004578 1.30900002 127.993240 22.357372 127.905083 0.000000 0.000000
161 8.1150 866.535455 0.004578 1.30900002 127.993217 22.357372 127.905106 0.000000 0.000000
162 8.3276 866.543783 0.004578 1.30900002 127.993187 22.357370 127.905128 0.000000 0.000000
163 8.3703 866.552153 0.004578 1.30900002 127.993156 22.357368 127.905144 0.000000 0.000000
164 8.7005 866.560854 0.004578 1.30900002 127.993118 22.357368 127.905167 0.000000 0.000000
165 8.1782 866.569032 0.004578 1.30900002 127.993088 22.357367 127.905197 0.000000 0.000000
166 8.0755 866.577107 0.004578 1.30900002 127.993073 22.357365 127.905220 0.000000 0.000000
167 8.3353 866.585443 0.004578 1.30900002 127.993034 22.357365 127.905243 0.000000 0.000000
168 8.3098 866.593752 0.004578 1.30900002 127.993004 22.357363 127.905266 0.000000 0.000000
169 8.5576 866.602310 0.004578 1.30900002 127.992973 22.357363 127.905289 0.000000 0.000000
170 8.3681 866.610678 0.004578 1.30900002 127.992935 22.357361 127.905312 0.000000 0.000000
171 8.1281 866.618806 0.004578 1.30900002 127.992905 22.357361 127.905334 0.000000 0.000000
172 8.2890 866.627095 0.004578 1.30900002 127.992874 22.357359 127.905350 0.000000 0.000000
173 8.5546 866.635650 0.004578 1.30900002 127.992844 22.357357 127.905380 0.000000 0.000000
174 8.1377 866.643788 0.004578 1.30900002 127.992821 22.357357 127.905403 0.000000 0.000000
175 8.5507 866.652338 0.004578 1.30900002 127.992783 22.357355 127.905418 0.000000 0.000000
176 8.1270 866.660465 0.004578 1.30900002 127.992760 22.357353 127.905441 0.000000 0.000000
177 8.5326 866.668998 0.004578 1.30900002 127.992722 22.357353 127.905464 0.000000 0.000000
178 8.1794 866.677177 0.004578 1.30900002 127.992706 22.357353 127.905502 0.000000 0.000000
179 8.5088 866.685686 0.004578 1.30900002 127.992676 22.357351 127.905518 0.000000 0.000000
180 8.1208 866.693807 0.004578 1.30900002 127.992645 22.357349 127.905540 0.000000 0.000000
181 8.3524 866.702159 0.004578 1.30900002 127.992599 22.357349 127.905563 0.000000 0.000000
182 8.5195 866.710679 0.004578 1.30900002 127.992577 22.357347 127.905579 0.000000 0.000000
183 8.1387 866.718817 0.004578 1.30900002 127.992554 22.357347 127.905609 0.000000 0.000000
184 8.5570 866.727374 0.004578 1.30900002 127.992516 22.357346 127.905640 0.000000 0.000000
185 8.1837 866.735558 0.004578 1.30900002 127.992485 22.357346 127.905655 0.000000 0.000000
186 8.2139 866.743772 0.004578 1.30900002 127.992462 22.357344 127.905678 0.000000 0.000000
187 8.5625 866.752335 0.004578 1.30900002 127.992432 22.357342 127.905701 0.000000 0.000000
188 8.1272 866.760462 0.004578 1.30900002 127.992386 22.357342 127.905724 0.000000 0.000000
189 8.5477 866.769009 0.004578 1.30900002 127.992363 22.357340 127.905746 0.000000 0.000000
190 8.1292 866.777139 0.004578 1.30900002 127.992340 22.357338 127.905769 0.000000 0.000000
191 8.2991 866.785438 0.004578 1.30900002 127.992294 22.357338 127.905785 0.000000 0.000000
192 8.5843 866.794022 0.004578 1.30900002 127.992264 22.357336 127.905815 0.000000 0.000000
193 8.1203 866.802142 0.004578 1.30900002 127.992241 22.357334 127.905838 0.000000 0.000000
194 8.6511 866.810794 0.004578 1.30900002 127.992210 22.357334 127.905853 0.000000 0.000000
195 8.2297 866.819023 0.004578 1.30900002 127.992180 22.357334 127.905876 0.000000 0.000000
196 8.1007 866.827124 0.004578 1.30900002 127.992142 22.357330 127.905907 0.000000 0.000000
197 8.3066 866.835431 0.004578 1.30900002 127.992126 22.357330 127.905930 0.000000 0.000000
198 8.5826 866.844013 0.004578 1.30900002 127.992096 22.357330 127.905945 0.000000 0.000000
199 8.0670 866.852080 0.004578 1.30900002 127.992065 22.357328 127.905975 0.000000 0.000000
200 8.6225 866.860703 0.004578 1.30900002 127.992027 22.357327 127.905991 0.000000 0.000000
201 8.0994 866.868802 0.004578 1.30900002 127.991989 22.357327 127.906013 0.000000 0.000000
202 8.3116 866.877114 0.004578 1.30900002 127.991966 22.357327 127.906044 0.000000 0.000000
203 8.5717 866.885685 0.004578 1.30900002 127.991936 22.357325 127.906067 0.000000 0.000000
204 8.0687 866.893754 0.004578 1.30900002 127.991913 22.357323 127.906082 0.000000 0.000000
205 8.3239 866.902078 0.004578 1.30900002 127.991882 22.357323 127.906113 0.000000 0.000000
206 8.3529 866.910431 0.004578 1.30900002 127.991844 22.357319 127.906128 0.000000 0.000000
207 8.6892 866.919120 0.004578 1.30900002 127.991814 22.357319 127.906158 0.000000 0.000000
208 8.0095 866.927130 0.004578 1.30900002 127.991783 22.357319 127.906174 0.000000 0.000000
209 8.5489 866.935679 0.004578 1.30900002 127.991753 22.357317 127.906204 0.000000 0.000000
210 8.1128 866.943791 0.004578 1.30900002 127.991714 22.357315 127.906227 0.000000 0.000000
211 8.5701 866.952361 0.004578 1.30900002 127.991684 22.357315 127.906242 0.000000 0.000000
212 8.3864 866.960748 0.004578 1.30900002 127.991653 22.357313 127.906273 0.000000 0.000000
213 8.1394 866.968887 0.004578 1.30900002 127.991631 22.357313 127.906296 0.000000 0.000000
214 8.2187 866.977106 0.004578 1.30900002 127.991592 22.357311 127.906311 0.000000 0.000000
215 8.3792 866.985485 0.004578 1.30900002 127.991577 22.357309 127.906342 0.000000 0.000000
216 8.5681 866.994053 0.004578 1.30900002 127.991539 22.357309 127.906357 0.000000 0.000000
217 8.0412 867.002094 0.004578 1.30900002 127.991508 22.357306 127.906380 0.000000 0.000000
218 8.3137 867.010408 0.004578 1.30900002 127.991486 22.357306 127.906410 0.000000 0.000000
219 8.3879 867.018796 0.004578 1.30900002 127.991447 22.357306 127.906433 0.000000 0.000000
220 8.3307 867.027127 0.004578 1.30900002 127.991417 22.357304 127.906448 0.000000 0.000000
221 8.5557 867.035682 0.004578 1.30900002 127.991379 22.357304 127.906479 0.000000 0.000000
222 8.1974 867.043880 0.004578 1.30900002 127.991356 22.357304 127.906494 0.000000 0.000000
223 8.2055 867.052085 0.004578 1.30900002 127.991318 22.357300 127.906517 0.000000 0.000000
224 8.5846 867.060670 0.004578 1.30900002 127.991302 22.357300 127.906548 0.000000 0.000000
225 8.1922 867.068862 0.004578 1.30900002 127.991264 22.357298 127.906563 0.000000 0.000000
226 8.4781 867.077340 0.004578 1.30900002 127.991226 22.357296 127.906593 0.000000 0.000000
227 8.3572 867.085697 0.004578 1.30900002 127.991203 22.357296 127.906616 0.000000 0.000000
228 8.0931 867.093790 0.004578 1.30900002 127.991173 22.357294 127.906631 0.000000 0.000000
229 8.3379 867.102128 0.004578 1.30900002 127.991142 22.357296 127.906662 0.000000 0.000000
230 8.5457 867.110674 0.004578 1.30900002 127.991112 22.357292 127.906685 0.000000 0.000000
231 8.1046 867.118779 0.004578 1.30900002 127.991081 22.357290 127.906708 0.000000 0.000000
232 8.3077 867.127086 0.004578 1.30900002 127.991051 22.357292 127.906723 0.000000 0.000000
233 8.6043 867.135691 0.004951 1.30900002 127.991020 22.357290 127.906754 0.000000 0.000000
234 8.3254 867.144016 0.004951 1.30900002 127.990982 22.357288 127.906769 0.000000 0.000000
235 8.1233 867.152139 0.004578 1.30900002 127.990944 22.357286 127.906792 0.000000 0.000000
236 8.5367 867.160676 0.004578 1.30900002 127.990921 22.357285 127.906815 0.000000 0.000000
237 8.5121 867.169188 0.004578 1.30900002 127.990883 22.357285 127.906845 0.000000 0.000000
238 8.2344 867.177423 0.004578 1.30900002 127.990860 22.357285 127.906860 0.000000 0.000000
239 7.9971 867.185420 0.004578 1.30900002 127.990829 22.357283 127.906891 0.000000 0.000000
240 8.3918 867.193811 0.004578 1.30900002 127.990799 22.357281 127.906914 0.000000 0.000000
241 8.3563 867.202168 0.004578 1.30900002 127.990768 22.357281 127.906937 0.000000 0.000000
242 8.2608 867.210429 0.004578 1.30900002 127.990738 22.357281 127.906960 0.000000 0.000000
243 8.3507 867.218779 0.004578 1.30900002 127.990707 22.357279 127.906982 0.000000 0.000000
244 8.5564 867.227336 0.004578 1.30900002 127.990677 22.357277 127.907005 0.000000 0.000000
245 8.1055 867.235441 0.004951 1.30900002 127.990646 22.357275 127.907028 0.000000 0.000000
246 8.3128 867.243754 0.004951 1.30900002 127.990608 22.357273 127.907051 0.000000 0.000000
247 8.3769 867.252131 0.004578 1.30900002 127.990578 22.357273 127.907074 0.000000 0.000000
248 8.2981 867.260429 0.004578 1.30900002 127.990547 22.357273 127.907097 0.000000 0.000000
249 8.5718 867.269001 0.004578 1.30900002 127.990517 22.357271 127.907120 0.000000 0.000000
250 8.1443 867.277145 0.004578 1.30900002 127.990486 22.357269 127.907135 0.000000 0.000000
251 8.3656 867.285511 0.004578 1.30900002 127.990448 22.357269 127.907166 0.000000 0.000000
252 8.2610 867.293772 0.004578 1.30900002 127.990425 22.357269 127.907181 0.000000 0.000000
253 8.3248 867.302096 0.004578 1.30900002 127.990387 22.357267 127.907211 0.000000 0.000000
254 8.3755 867.310472 0.004578 1.30900002 127.990372 22.357265 127.907234 0.000000 0.000000
255 8.5450 867.319017 0.004578 1.30900002 127.990334 22.357264 127.907257 0.000000 0.000000
256 8.3192 867.327336 0.004578 1.30900002 127.990295 22.357262 127.907272 0.000000 0.000000
257 8.2306 867.335567 0.004578 1.30900002 127.990273 22.357262 127.907295 0.000000 0.000000
258 8.2171 867.343784 0.004578 1.30900002 127.990242 22.357262 127.907326 0.000000 0.000000
259 8.3556 867.352139 0.004578 1.30900002 127.990219 22.357258 127.907349 0.000000 0.000000
260 8.3366 867.360476 0.004578 1.30900002 127.990181 22.357258 127.907372 0.000000 0.000000
261 8.5238 867.369000 0.004578 1.30900002 127.990150 22.357256 127.907387 0.000000 0.000000
262 8.3965 867.377396 0.004578 1.30900002 127.990112 22.357256 127.907417 0.000000 0.000000
263 8.0355 867.385432 0.004578 1.30900002 127.990082 22.357254 127.907440 0.000000 0.000000
264 8.3267 867.393759 0.004578 1.30900002 127.990059 22.357254 127.907455 0.000000 0.000000
265 8.3287 867.402087 0.004578 1.30900002 127.990036 22.357252 127.907486 0.000000 0.000000
266 8.3320 867.410419 0.004578 1.30900002 127.990005 22.357250 127.907501 0.000000 0.000000
267 8.3131 867.418732 0.004578 1.30900002 127.989967 22.357250 127.907532 0.000000 0.000000
268 8.6060 867.427338 0.004578 1.30900002 127.989944 22.357250 127.907555 0.000000 0.000000
269 8.1306 867.435469 0.004578 1.30900002 127.989899 22.357248 127.907578 0.000000 0.000000
270 8.2740 867.443743 0.004578 1.30900002 127.989868 22.357246 127.907593 0.000000 0.000000
271 8.6267 867.452370 0.004578 1.30900002 127.989845 22.357246 127.907623 0.000000 0.000000
272 8.3157 867.460685 0.004578 1.30900002 127.989807 22.357243 127.907654 0.000000 0.000000
273 8.1152 867.468800 0.004951 1.30900002 127.989777 22.357243 127.907669 0.000000 0.000000
274 8.2750 867.477075 0.004951 1.30900002 127.989746 22.357243 127.907684 0.000000 0.000000
275 8.3611 867.485437 0.004578 1.30900002 127.989716 22.357241 127.907715 0.000000 0.000000
276 8.3348 867.493771 0.004578 1.30900002 127.989685 22.357239 127.907738 0.000000 0.000000
277 8.5551 867.502326 0.004578 1.30900002 127.989647 22.357237 127.907761 0.000000 0.000000
278 8.3084 867.510635 0.004578 1.30900002 127.989624 22.357239 127.907784 0.000000 0.000000
279 8.4314 867.519066 0.004578 1.30900002 127.989594 22.357237 127.907806 0.000000 0.000000
280 8.0460 867.527112 0.004578 1.30900002 127.989563 22.357235 127.907829 0.000000 0.000000
281 8.3113 867.535424 0.004578 1.30900002 127.989532 22.357235 127.907852 0.000000 0.000000
282 8.5995 867.544023 0.004578 1.30900002 127.989502 22.357231 127.907883 0.000000 0.000000
283 8.3675 867.552391 0.004951 1.30900002 127.989471 22.357231 127.907898 0.000000 0.000000
284 8.0386 867.560429 0.004951 1.30900002 127.989433 22.357229 127.907913 0.000000 0.000000
285 8.3301 867.568759 0.004578 1.30900002 127.989403 22.357229 127.907944 0.000000 0.000000
286 8.3077 867.577067 0.004578 1.30900002 127.989372 22.357227 127.907967 0.000000 0.000000
287 8.3517 867.585419 0.004578 1.30900002 127.989349 22.357227 127.907990 0.000000 0.000000
288 8.5743 867.593993 0.004578 1.30900002 127.989311 22.357227 127.908012 0.000000 0.000000
289 8.4053 867.602398 0.004578 1.30900002 127.989281 22.357225 127.908035 0.000000 0.000000
290 8.0173 867.610416 0.004578 1.30900002 127.989258 22.357224 127.908051 0.000000 0.000000
291 8.3276 867.618743 0.004951 1.30900002 127.989220 22.357224 127.908081 0.000000 0.000000
292 8.6053 867.627348 0.004951 1.30900002 127.989182 22.357220 127.908112 0.000000 0.000000
293 8.0820 867.635430 0.004578 1.30900002 127.989151 22.357220 127.908119 0.000000 0.000000
294 8.5965 867.644027 0.004578 1.30900002 127.989120 22.357218 127.908150 0.000000 0.000000
295 8.0693 867.652096 0.004578 1.30900002 127.989090 22.357218 127.908173 0.000000 0.000000
296 8.6083 867.660705 0.004578 1.30900002 127.989059 22.357216 127.908195 0.000000 0.000000
297 8.0644 867.668769 0.004578 1.30900002 127.989029 22.357216 127.908218 0.000000 0.000000
298 8.4088 867.677178 0.004578 1.30900002 127.988998 22.357214 127.908234 0.000000 0.000000
299 8.2551 867.685433 0.004578 1.30900002 127.988968 22.357214 127.908264 0.000000 0.000000
300 8.5947 867.694028 0.004578 1.30900002 127.988937 22.357212 127.908287 0.000000 0.000000
301 8.1135 867.702141 0.004578 1.30900002 127.988907 22.357210 127.908310 0.000000 0.000000
302 8.7071 867.710848 0.004578 1.30900002 127.988876 22.357208 127.908333 0.000000 0.000000
303 7.9934 867.718842 0.004578 1.30900002 127.988846 22.357208 127.908356 0.000000 0.000000
304 8.2850 867.727127 0.004578 1.30900002 127.988815 22.357208 127.908371 0.000000 0.000000
305 8.5448 867.735671 0.004578 1.30900002 127.988785 22.357206 127.908401 0.000000 0.000000
306 8.3468 867.744018 0.004578 1.30900002 127.988754 22.357204 127.908417 0.000000 0.000000
307 8.0896 867.752108 0.004578 1.30900002 127.988731 22.357204 127.908447 0.000000 0.000000
308 8.3101 867.760418 0.004578 1.30900002 127.988693 22.357203 127.908463 0.000000 0.000000
309 8.3498 867.768768 0.004951 1.30900002 127.988663 22.357201 127.908485 0.000000 0.000000
310 8.5752 867.777343 0.004951 1.30900002 127.988632 22.357201 127.908508 0.000000 0.000000
311 8.3665 867.785709 0.004578 1.30900002 127.988594 22.357199 127.908539 0.000000 0.000000
312 8.0845 867.793794 0.004578 1.30900002 127.988556 22.357197 127.908554 0.000000 0.000000
313 8.2982 867.802092 0.004578 1.30900002 127.988541 22.357197 127.908585 0.000000 0.000000
314 8.5610 867.810653 0.004578 1.30900002 127.988503 22.357197 127.908600 0.000000 0.000000
315 8.3304 867.818984 0.004578 1.30900002 127.988472 22.357195 127.908630 0.000000 0.000000
316 8.1174 867.827101 0.004578 1.30900002 127.988449 22.357193 127.908646 0.000000 0.000000
317 8.5526 867.835653 0.004578 1.30900002 127.988411 22.357193 127.908676 0.000000 0.000000
318 8.3507 867.844004 0.004578 1.30900002 127.988380 22.357191 127.908691 0.000000 0.000000
319 8.4299 867.852434 0.004951 1.30900002 127.988350 22.357189 127.908722 0.000000 0.000000
320 8.0643 867.860498 0.004951 1.30900002 127.988312 22.357187 127.908745 0.000000 0.000000
321 8.2715 867.868770 0.004578 1.30900002 127.988281 22.357187 127.908768 0.000000 0.000000
322 8.5602 867.877330 0.004578 1.30900002 127.988251 22.357185 127.908783 0.000000 0.000000
323 8.3308 867.885661 0.004578 1.30900002 127.988213 22.357183 127.908806 0.000000 0.000000
324 8.0954 867.893756 0.004578 1.30900002 127.988190 22.357185 127.908836 0.000000 0.000000
325 8.3107 867.902067 0.004578 1.30900002 127.988159 22.357183 127.908859 0.000000 0.000000
326 8.3542 867.910421 0.004578 1.30900002 127.988129 22.357182 127.908882 0.000000 0.000000
327 8.4254 867.918847 0.004951 1.30900002 127.988098 22.357178 127.908905 0.000000 0.000000
328 8.5020 867.927349 0.004951 1.30900002 127.988060 22.357178 127.908928 0.000000 0.000000
329 8.0989 867.935447 0.004578 1.30900002 127.988029 22.357178 127.908951 0.000000 0.000000
330 8.5955 867.944043 0.004578 1.30900002 127.987991 22.357178 127.908974 0.000000 0.000000
331 8.3138 867.952357 0.004578 1.30900002 127.987976 22.357176 127.908997 0.000000 0.000000
332 8.0964 867.960453 0.004578 1.30900002 127.987946 22.357174 127.909012 0.000000 0.000000
333 8.3353 867.968788 0.004578 1.30900002 127.987907 22.357174 127.909042 0.000000 0.000000
334 8.2951 867.977084 0.004578 1.30900002 127.987877 22.357172 127.909065 0.000000 0.000000
335 8.5765 867.985660 0.004578 1.30900002 127.987839 22.357170 127.909088 0.000000 0.000000
336 8.1092 867.993769 0.004578 1.30900002 127.987816 22.357170 127.909111 0.000000 0.000000
337 8.3529 868.002122 0.004951 1.30900002 127.987793 22.357168 127.909134 0.000000 0.000000
338 8.5520 868.010674 0.004951 1.30900002 127.987747 22.357166 127.909149 0.000000 0.000000
339 8.1566 868.018831 0.004578 1.30900002 127.987717 22.357166 127.909180 0.000000 0.000000
340 8.5207 868.027351 0.004578 1.30900002 127.987686 22.357164 127.909203 0.000000 0.000000
341 8.0972 868.035449 0.004578 1.30900002 127.987656 22.357166 127.909225 0.000000 0.000000
342 8.4528 868.043901 0.004578 1.30900002 127.987625 22.357162 127.909248 0.000000 0.000000
343 8.4119 868.052313 0.004578 1.30900002 127.987595 22.357161 127.909271 0.000000 0.000000
344 8.3593 868.060673 0.004578 1.30900002 127.987564 22.357159 127.909294 0.000000 0.000000
345 8.1633 868.068836 0.004578 1.30900002 127.987534 22.357159 127.909317 0.000000 0.000000
346 8.2655 868.077101 0.004578 1.30900002 127.987503 22.357159 127.909332 0.000000 0.000000
347 8.3445 868.085446 0.004578 1.30900002 127.987473 22.357157 127.909363 0.000000 0.000000
348 8.5641 868.094010 0.004578 1.30900002 127.987442 22.357155 127.909386 0.000000 0.000000
349 8.3150 868.102325 0.004578 1.30900002 127.987411 22.357155 127.909409 0.000000 0.000000
350 8.1620 868.110487 0.004578 1.30900002 127.987381 22.357155 127.909431 0.000000 0.000000
351 8.2760 868.118763 0.004578 1.30900002 127.987343 22.357153 127.909454 0.000000 0.000000
352 8.5734 868.127336 0.004578 1.30900002 127.987320 22.357151 127.909470 0.000000 0.000000
353 8.3198 868.135656 0.004578 1.30900002 127.987289 22.357149 127.909492 0.000000 0.000000
354 8.4855 868.144142 0.004578 1.30900002 127.987259 22.357149 127.909523 0.000000 0.000000
355 7.9682 868.152110 0.004951 1.30900002 127.987228 22.357147 127.909546 0.000000 0.000000
356 8.5812 868.160691 0.004951 1.30900002 127.987190 22.357145 127.909569 0.000000 0.000000
357 8.0997 868.168791 0.004578 1.30900002 127.987152 22.357145 127.909584 0.000000 0.000000
358 8.3124 868.177103 0.004578 1.30900002 127.987137 22.357143 127.909615 0.000000 0.000000
359 8.5828 868.185686 0.004578 1.30900002 127.987099 22.357141 127.909637 0.000000 0.000000
360 8.0951 868.193781 0.004578 1.30900002 127.987076 22.357141 127.909653 0.000000 0.000000
361 8.4373 868.202219 0.004578 1.30900002 127.987030 22.357140 127.909683 0.000000 0.000000
362 8.2164 868.210435 0.004578 1.30900002 127.987007 22.357140 127.909698 0.000000 0.000000
363 8.5723 868.219007 0.004951 1.30900002 127.986984 22.357138 127.909729 0.000000 0.000000
364 8.5363 868.227544 0.004951 1.30900002 127.986938 22.357136 127.909760 0.000000 0.000000
365 7.9065 868.235450 0.004578 1.30900002 127.986908 22.357136 127.909775 0.000000 0.000000
366 8.6333 868.244083 0.004578 1.30900002 127.986877 22.357136 127.909790 0.000000 0.000000
367 8.0365 868.252120 0.004578 1.30900002 127.986847 22.357134 127.909821 0.000000 0.000000
368 8.3096 868.260430 0.004578 1.30900002 127.986816 22.357132 127.909836 0.000000 0.000000
369 8.3581 868.268788 0.004578 1.30900002 127.986786 22.357132 127.909874 0.000000 0.000000
370 8.5523 868.277340 0.004578 1.30900002 127.986755 22.357130 127.909889 0.000000 0.000000
371 8.3995 868.285739 0.004951 1.30900002 127.986725 22.357128 127.909912 0.000000 0.000000
372 8.0429 868.293782 0.004951 1.30900002 127.986687 22.357128 127.909927 0.000000 0.000000
373 8.2995 868.302082 0.004578 1.30900002 127.986656 22.357128 127.909958 0.000000 0.000000
374 8.3467 868.310428 0.004578 1.30900002 127.986618 22.357124 127.909973 0.000000 0.000000
375 8.5665 868.318995 0.004578 1.30900002 127.986588 22.357124 127.910004 0.000000 0.000000
376 8.0946 868.327090 0.004578 1.30900002 127.986565 22.357124 127.910019 0.000000 0.000000
377 8.3353 868.335425 0.004578 1.30900002 127.986526 22.357121 127.910049 0.000000 0.000000
378 8.3505 868.343775 0.004578 1.30900002 127.986504 22.357121 127.910065 0.000000 0.000000
379 8.3050 868.352080 0.004578 1.30900002 127.986473 22.357121 127.910095 0.000000 0.000000
380 8.5888 868.360669 0.004578 1.30900002 127.986450 22.357119 127.910118 0.000000 0.000000
381 8.1122 868.368781 0.004578 1.30900002 127.986412 22.357115 127.910133 0.000000 0.000000
382 8.3000 868.377081 0.004578 1.30900002 127.986389 22.357115 127.910156 0.000000 0.000000
383 8.5804 868.385662 0.004578 1.30900002 127.986343 22.357113 127.910187 0.000000 0.000000
384 8.4552 868.394117 0.004578 1.30900002 127.986320 22.357113 127.910217 0.000000 0.000000
385 7.9791 868.402096 0.004578 1.30900002 127.986290 22.357113 127.910233 0.000000 0.000000
386 8.5974 868.410693 0.004578 1.30900002 127.986267 22.357113 127.910248 0.000000 0.000000
387 8.1070 868.418800 0.004578 1.30900002 127.986229 22.357111 127.910278 0.000000 0.000000
388 8.2865 868.427087 0.004578 1.30900002 127.986198 22.357109 127.910301 0.000000 0.000000
389 8.3958 868.435483 0.004951 1.30900002 127.986168 22.357107 127.910324 0.000000 0.000000
390 8.5011 868.443984 0.004951 1.30900002 127.986130 22.357105 127.910347 0.000000 0.000000
391 8.3727 868.452357 0.004578 1.30900002 127.986092 22.357105 127.910370 0.000000 0.000000
392 8.1470 868.460503 0.004578 1.30900002 127.986069 22.357105 127.910385 0.000000 0.000000
393 8.2579 868.468761 0.004578 1.30900002 127.986038 22.357101 127.910416 0.000000 0.000000
394 8.3470 868.477108 0.004578 1.30900002 127.986008 22.357101 127.910439 0.000000 0.000000
395 8.7793 868.485888 0.004578 1.30900002 127.985977 22.357101 127.910461 0.000000 0.000000
396 8.1178 868.494006 0.004578 1.30900002 127.985947 22.357101 127.910477 0.000000 0.000000
397 8.0835 868.502089 0.004578 1.30900002 127.985916 22.357101 127.910507 0.000000 0.000000
398 8.5918 868.510681 0.004578 1.30900002 127.985886 22.357098 127.910530 0.000000 0.000000
399 8.0860 868.518767 0.004951 1.30900002 127.985855 22.357096 127.910553 0.000000 0.000000
400 8.3658 868.527133 0.004951 1.30900002 127.985825 22.357094 127.910576 0.000000 0.000000
401 8.5687 868.535701 0.004578 1.30900002 127.985786 22.357094 127.910599 0.000000 0.000000
402 8.0791 868.543780 0.004578 1.30900002 127.985756 22.357094 127.910622 0.000000 0.000000
403 8.5440 868.552325 0.004578 1.30900002 127.985733 22.357094 127.910652 0.000000 0.000000
404 8.1420 868.560467 0.004578 1.30900002 127.985703 22.357090 127.910660 0.000000 0.000000
405 8.2914 868.568758 0.004578 1.30900002 127.985664 22.357090 127.910690 0.000000 0.000000
406 8.6075 868.577365 0.004578 1.30900002 127.985626 22.357086 127.910713 0.000000 0.000000
407 8.0805 868.585446 0.004951 1.30900002 127.985603 22.357086 127.910736 0.000000 0.000000
408 8.5591 868.594005 0.004951 1.30900002 127.985565 22.357086 127.910759 0.000000 0.000000
409 8.1266 868.602132 0.004578 1.30900002 127.985535 22.357084 127.910782 0.000000 0.000000
410 8.2915 868.610423 0.004578 1.30900002 127.985504 22.357082 127.910805 0.000000 0.000000
411 8.5714 868.618994 0.004578 1.30900002 127.985474 22.357082 127.910828 0.000000 0.000000
412 8.1069 868.627101 0.004578 1.30900002 127.985443 22.357082 127.910843 0.000000 0.000000
413 8.3139 868.635415 0.004578 1.30900002 127.985413 22.357080 127.910873 0.000000 0.000000
414 8.3284 868.643744 0.004578 1.30900002 127.985382 22.357079 127.910889 0.000000 0.000000
415 8.5759 868.652320 0.004578 1.30900002 127.985352 22.357079 127.910919 0.000000 0.000000
416 8.4292 868.660749 0.004578 1.30900002 127.985321 22.357077 127.910942 0.000000 0.000000
417 7.9965 868.668745 0.004951 1.30900002 127.985283 22.357075 127.910965 0.000000 0.000000
418 8.5894 868.677335 0.004951 1.30900002 127.985260 22.357075 127.910980 0.000000 0.000000
419 8.1508 868.685485 0.004578 1.30900002 127.985222 22.357071 127.911003 0.000000 0.000000
420 8.2604 868.693746 0.004578 1.30900002 127.985184 22.357071 127.911026 0.000000 0.000000
421 8.5923 868.702338 0.004578 1.30900002 127.985168 22.357071 127.911057 0.000000 0.000000
422 8.1062 868.710444 0.004578 1.30900002 127.985130 22.357071 127.911087 0.000000 0.000000
423 8.3222 868.718767 0.004578 1.30900002 127.985100 22.357067 127.911095 0.000000 0.000000
424 8.3306 868.727097 0.004578 1.30900002 127.985062 22.357067 127.911125 0.000000 0.000000
425 8.3825 868.735480 0.004951 1.30900002 127.985039 22.357067 127.911148 0.000000 0.000000
426 8.5238 868.744004 0.004951 1.30900002 127.985001 22.357063 127.911163 0.000000 0.000000
427 8.3350 868.752338 0.004578 1.30900002 127.984970 22.357063 127.911194 0.000000 0.000000
428 8.1141 868.760453 0.004578 1.30900002 127.984940 22.357061 127.911209 0.000000 0.000000
429 8.3263 868.768779 0.004578 1.30900002 127.984909 22.357061 127.911240 0.000000 0.000000
430 8.5415 868.777320 0.004578 1.30900002 127.984879 22.357059 127.911255 0.000000 0.000000
431 8.1363 868.785457 0.004578 1.30900002 127.984848 22.357059 127.911285 0.000000 0.000000
432 8.2856 868.793742 0.004578 1.30900002 127.984818 22.357059 127.911308 0.000000 0.000000
433 8.6232 868.802366 0.004578 1.30900002 127.984787 22.357058 127.911339 0.000000 0.000000
434 8.3115 868.810677 0.004578 1.30900002 127.984756 22.357056 127.911354 0.000000 0.000000
435 8.0905 868.818767 0.004578 1.30900002 127.984726 22.357052 127.911369 0.000000 0.000000
436 8.5328 868.827300 0.004578 1.30900002 127.984695 22.357052 127.911400 0.000000 0.000000
437 8.1289 868.835429 0.004578 1.30900002 127.984665 22.357052 127.911423 0.000000 0.000000
438 8.3095 868.843739 0.004578 1.30900002 127.984634 22.357052 127.911446 0.000000 0.000000
439 8.6225 868.852361 0.004578 1.30900002 127.984604 22.357050 127.911469 0.000000 0.000000
440 8.0616 868.860423 0.004578 1.30900002 127.984573 22.357048 127.911484 0.000000 0.000000
441 8.7089 868.869132 0.004578 1.30900002 127.984543 22.357048 127.911514 0.000000 0.000000
442 7.9611 868.877093 0.004578 1.30900002 127.984512 22.357044 127.911537 0.000000 0.000000
443 8.3570 868.885450 0.004951 1.30900002 127.984482 22.357044 127.911560 0.000000 0.000000
444 8.6345 868.894084 0.004951 1.30900002 127.984451 22.357042 127.911583 0.000000 0.000000
445 8.0360 868.902120 0.004578 1.30900002 127.984421 22.357042 127.911606 0.000000 0.000000
446 8.6453 868.910766 0.004578 1.30900002 127.984383 22.357040 127.911621 0.000000 0.000000
447 8.0195 868.918785 0.004578 1.30900002 127.984360 22.357040 127.911652 0.000000 0.000000
448 8.3234 868.927109 0.004578 1.30900002 127.984329 22.357040 127.911667 0.000000 0.000000
449 8.5740 868.935683 0.004578 1.30900002 127.984291 22.357038 127.911697 0.000000 0.000000
450 8.0813 868.943764 0.004578 1.30900002 127.984261 22.357037 127.911720 0.000000 0.000000
451 8.5716 868.952336 0.004578 1.30900002 127.984230 22.357037 127.911736 0.000000 0.000000
452 8.3585 868.960694 0.004578 1.30900002 127.984192 22.357033 127.911766 0.000000 0.000000
453 8.1143 868.968808 0.004951 1.30900002 127.984169 22.357033 127.911789 0.000000 0.000000
454 8.2494 868.977058 0.004951 1.30900002 127.984131 22.357031 127.911812 0.000000 0.000000
455 8.3891 868.985447 0.004578 1.30900002 127.984093 22.357031 127.911835 0.000000 0.000000
456 8.5519 868.993999 0.004578 1.30900002 127.984070 22.357029 127.911850 0.000000 0.000000
457 8.2134 869.002212 0.004578 1.30900002 127.984039 22.357029 127.911880 0.000000 0.000000
458 8.2517 869.010464 0.004578 1.30900002 127.984009 22.357029 127.911903 0.000000 0.000000
459 8.2900 869.018754 0.004578 1.30900002 127.983978 22.357025 127.911926 0.000000 0.000000
460 8.5887 869.027342 0.004578 1.30900002 127.983948 22.357025 127.911949 0.000000 0.000000
461 8.0849 869.035427 0.004951 1.30900002 127.983917 22.357023 127.911972 0.000000 0.000000
462 8.5685 869.043996 0.004951 1.30900002 127.983879 22.357021 127.911995 0.000000 0.000000
463 8.4027 869.052399 0.004578 1.30900002 127.983849 22.357019 127.912018 0.000000 0.000000
464 8.0461 869.060445 0.004578 1.30900002 127.983818 22.357019 127.912033 0.000000 0.000000
465 8.3310 869.068776 0.004578 1.30900002 127.983788 22.357019 127.912064 0.000000 0.000000
466 8.3011 869.077077 0.004578 1.30900002 127.983749 22.357018 127.912086 0.000000 0.000000
467 8.5569 869.085634 0.004578 1.30900002 127.983719 22.357018 127.912102 0.000000 0.000000
468 8.3540 869.093988 0.004578 1.30900002 127.983696 22.357014 127.912132 0.000000 0.000000
469 8.1487 869.102136 0.004951 1.30900002 127.983658 22.357014 127.912155 0.000000 0.000000
470 8.3098 869.110446 0.004951 1.30900002 127.983627 22.357014 127.912170 0.000000 0.000000
471 8.5612 869.119008 0.004578 1.30900002 127.983597 22.357012 127.912201 0.000000 0.000000
472 8.1316 869.127139 0.004578 1.30900002 127.983566 22.357010 127.912216 0.000000 0.000000
473 8.4961 869.135635 0.004578 1.30900002 127.983536 22.357010 127.912247 0.000000 0.000000
474 8.3590 869.143994 0.004578 1.30900002 127.983505 22.357010 127.912270 0.000000 0.000000
475 8.0888 869.152083 0.004578 1.30900002 127.983475 22.357006 127.912292 0.000000 0.000000
476 8.2926 869.160376 0.004578 1.30900002 127.983444 22.357006 127.912308 0.000000 0.000000
477 8.6391 869.169015 0.004578 1.30900002 127.983414 22.357006 127.912338 0.000000 0.000000
478 8.4767 869.177491 0.004578 1.30900002 127.983383 22.357004 127.912369 0.000000 0.000000
479 8.1632 869.185655 0.004951 1.30900002 127.983353 22.357002 127.912384 0.000000 0.000000
480 8.1549 869.193810 0.004951 1.30900002 127.983315 22.357000 127.912407 0.000000 0.000000
481 8.3471 869.202157 0.004578 1.30900002 127.983276 22.357000 127.912422 0.000000 0.000000
482 8.2768 869.210434 0.004578 1.30900002 127.983253 22.356998 127.912453 0.000000 0.000000
483 8.5493 869.218983 0.004578 1.30900002 127.983215 22.356998 127.912468 0.000000 0.000000
484 8.4185 869.227401 0.004578 1.30900002 127.983185 22.356997 127.912491 0.000000 0.000000
485 8.0217 869.235423 0.004578 1.30900002 127.983162 22.356995 127.912521 0.000000 0.000000
486 8.3248 869.243748 0.004578 1.30900002 127.983139 22.356995 127.912537 0.000000 0.000000
487 8.5687 869.252317 0.004951 1.30900002 127.983101 22.356993 127.912567 0.000000 0.000000
488 8.3323 869.260649 0.004951 1.30900002 127.983063 22.356991 127.912590 0.000000 0.000000
489 8.4514 869.269100 0.004578 1.30900002 127.983032 22.356991 127.912613 0.000000 0.000000
490 8.0128 869.277113 0.004578 1.30900002 127.983002 22.356991 127.912636 0.000000 0.000000
491 8.2913 869.285404 0.004578 1.30900002 127.982964 22.356987 127.912659 0.000000 0.000000
492 8.6345 869.294039 0.004578 1.30900002 127.982941 22.356987 127.912682 0.000000 0.000000
493 8.0697 869.302108 0.004578 1.30900002 127.982903 22.356987 127.912704 0.000000 0.000000
494 8.6015 869.310710 0.004578 1.30900002 127.982880 22.356985 127.912735 0.000000 0.000000
495 8.0265 869.318736 0.004951 1.30900002 127.982849 22.356983 127.912750 0.000000 0.000000
496 8.3388 869.327075 0.004951 1.30900002 127.982819 22.356981 127.912766 0.000000 0.000000
497 8.3580 869.335433 0.004578 1.30900002 127.982773 22.356979 127.912788 0.000000 0.000000
498 8.5737 869.344007 0.004578 1.30900002 127.982750 22.356979 127.912811 0.000000 0.000000
499 8.3170 869.352324 0.004578 1.30900002 127.982727 22.356979 127.912842 0.000000 0.000000
500 8.1023 869.360426 0.004578 1.30900002 127.982697 22.356979 127.912872 0.000000 0.000000
501 8.3258 869.368752 0.004578 1.30900002 127.982658 22.356977 127.912888 0.000000 0.000000
502 8.5820 869.377334 0.004578 1.30900002 127.982628 22.356976 127.912903 0.000000 0.000000
503 8.3174 869.385652 0.004578 1.30900002 127.982597 22.356976 127.912933 0.000000 0.000000
504 8.3617 869.394013 0.004578 1.30900002 127.982567 22.356972 127.912949 0.000000 0.000000
505 8.0769 869.402090 0.004951 1.30900002 127.982536 22.356972 127.912979 0.000000 0.000000
506 8.3286 869.410419 0.004951 1.30900002 127.982498 22.356972 127.913002 0.000000 0.000000
507 8.5697 869.418988 0.004578 1.30900002 127.982468 22.356972 127.913025 0.000000 0.000000
508 8.3395 869.427328 0.004578 1.30900002 127.982437 22.356968 127.913048 0.000000 0.000000
509 8.0985 869.435426 0.004578 1.30900002 127.982407 22.356968 127.913071 0.000000 0.000000
510 8.5383 869.443965 0.004578 1.30900002 127.982376 22.356968 127.913086 0.000000 0.000000
511 8.3891 869.452354 0.004578 1.30900002 127.982346 22.356966 127.913116 0.000000 0.000000
512 8.0772 869.460431 0.004578 1.30900002 127.982315 22.356964 127.913139 0.000000 0.000000
513 8.3318 869.468763 0.004951 1.30900002 127.982285 22.356962 127.913162 0.000000 0.000000
514 8.3554 869.477118 0.004951 1.30900002 127.982254 22.356960 127.913185 0.000000 0.000000
515 8.2871 869.485405 0.004578 1.30900002 127.982216 22.356960 127.913200 0.000000 0.000000
516 8.5948 869.494000 0.004578 1.30900002 127.982185 22.356958 127.913239 0.000000 0.000000
517 8.1136 869.502114 0.004578 1.30900002 127.982155 22.356958 127.913254 0.000000 0.000000
518 8.2900 869.510404 0.004578 1.30900002 127.982132 22.356956 127.913277 0.000000 0.000000
519 8.5924 869.518996 0.004578 1.30900002 127.982094 22.356956 127.913300 0.000000 0.000000
520 8.1264 869.527122 0.004578 1.30900002 127.982063 22.356956 127.913322 0.000000 0.000000
521 8.5265 869.535649 0.004578 1.30900002 127.982033 22.356955 127.913345 0.000000 0.000000
522 8.1171 869.543766 0.004578 1.30900002 127.981995 22.356953 127.913361 0.000000 0.000000
523 8.3199 869.552086 0.004578 1.30900002 127.981979 22.356949 127.913391 0.000000 0.000000
524 8.5760 869.560662 0.004578 1.30900002 127.981941 22.356949 127.913406 0.000000 0.000000
525 8.1146 869.568777 0.004578 1.30900002 127.981911 22.356949 127.913437 0.000000 0.000000
526 8.5575 869.577334 0.004578 1.30900002 127.981880 22.356947 127.913452 0.000000 0.000000
527 8.0854 869.585420 0.004578 1.30900002 127.981857 22.356947 127.913490 0.000000 0.000000
528 8.3399 869.593759 0.004578 1.30900002 127.981812 22.356945 127.913498 0.000000 0.000000
529 8.3582 869.602118 0.004578 1.30900002 127.981781 22.356945 127.913521 0.000000 0.000000
530 8.2481 869.610366 0.004578 1.30900002 127.981758 22.356943 127.913544 0.000000 0.000000
531 8.6156 869.618981 0.004951 1.30900002 127.981720 22.356941 127.913574 0.000000 0.000000
532 8.3569 869.627338 0.004951 1.30900002 127.981689 22.356941 127.913597 0.000000 0.000000
533 8.0889 869.635427 0.004578 1.30900002 127.981659 22.356941 127.913620 0.000000 0.000000
534 8.3329 869.643760 0.004578 1.30900002 127.981628 22.356937 127.913635 0.000000 0.000000
535 8.2921 869.652052 0.004578 1.30900002 127.981598 22.356937 127.913658 0.000000 0.000000
536 8.3839 869.660436 0.004578 1.30900002 127.981567 22.356937 127.913696 0.000000 0.000000
537 8.5114 869.668947 0.004578 1.30900002 127.981537 22.356936 127.913712 0.000000 0.000000
538 8.4025 869.677350 0.004578 1.30900002 127.981506 22.356934 127.913734 0.000000 0.000000
539 8.1478 869.685498 0.004578 1.30900002 127.981476 22.356934 127.913757 0.000000 0.000000
540 8.2209 869.693718 0.004578 1.30900002 127.981445 22.356930 127.913773 0.000000 0.000000
541 8.3672 869.702086 0.004951 1.30900002 127.981415 22.356930 127.913795 0.000000 0.000000
542 8.3015 869.710387 0.004951 1.30900002 127.981384 22.356930 127.913826 0.000000 0.000000
543 8.5927 869.718980 0.004578 1.30900002 127.981339 22.356928 127.913841 0.000000 0.000000
544 8.1363 869.727116 0.004578 1.30900002 127.981323 22.356926 127.913864 0.000000 0.000000
545 8.2907 869.735407 0.004578 1.30900002 127.981285 22.356926 127.913895 0.000000 0.000000
546 8.5696 869.743976 0.004578 1.30900002 127.981255 22.356924 127.913910 0.000000 0.000000
547 8.1151 869.752092 0.004578 1.30900002 127.981224 22.356924 127.913940 0.000000 0.000000
548 8.5566 869.760648 0.004578 1.30900002 127.981186 22.356922 127.913971 0.000000 0.000000
549 8.0836 869.768732 0.004951 1.30900002 127.981163 22.356920 127.913986 0.000000 0.000000
550 8.3595 869.777091 0.004951 1.30900002 127.981125 22.356918 127.914001 0.000000 0.000000
551 8.5735 869.785665 0.004578 1.30900002 127.981087 22.356918 127.914024 0.000000 0.000000
552 8.3267 869.793991 0.004578 1.30900002 127.981064 22.356918 127.914047 0.000000 0.000000
553 8.1105 869.802102 0.004578 1.30900002 127.981026 22.356916 127.914070 0.000000 0.000000
554 8.5854 869.810687 0.004578 1.30900002 127.981003 22.356915 127.914108 0.000000 0.000000
555 8.0707 869.818758 0.004578 1.30900002 127.980972 22.356915 127.914124 0.000000 0.000000
556 8.5763 869.827334 0.004578 1.30900002 127.980942 22.356911 127.914146 0.000000 0.000000
557 8.1365 869.835471 0.004951 1.30900002 127.980911 22.356911 127.914169 0.000000 0.000000
558 8.7619 869.844233 0.004951 1.30900002 127.980881 22.356911 127.914192 0.000000 0.000000
559 7.8343 869.852067 0.004578 1.30900002 127.980843 22.356907 127.914215 0.000000 0.000000
560 8.4259 869.860493 0.004578 1.30900002 127.980812 22.356907 127.914230 0.000000 0.000000
561 8.2473 869.868740 0.004578 1.30900002 127.980782 22.356907 127.914261 0.000000 0.000000
562 8.6131 869.877353 0.004578 1.30900002 127.980743 22.356907 127.914276 0.000000 0.000000
563 8.0925 869.885446 0.004578 1.30900002 127.980721 22.356907 127.914307 0.000000 0.000000
564 8.8511 869.894297 0.004578 1.30900002 127.980682 22.356903 127.914330 0.000000 0.000000
565 7.8337 869.902131 0.004578 1.30900002 127.980659 22.356903 127.914352 0.000000 0.000000
566 8.2758 869.910406 0.004578 1.30900002 127.980629 22.356899 127.914375 0.000000 0.000000
567 8.3852 869.918791 0.004951 1.30900002 127.980598 22.356899 127.914398 0.000000 0.000000
568 8.5539 869.927345 0.004951 1.30900002 127.980560 22.356897 127.914413 0.000000 0.000000
569 8.1622 869.935508 0.004578 1.30900002 127.980530 22.356895 127.914444 0.000000 0.000000
570 8.4675 869.943975 0.004578 1.30900002 127.980499 22.356895 127.914467 0.000000 0.000000
571 8.4528 869.952428 0.004578 1.30900002 127.980469 22.356895 127.914490 0.000000 0.000000
572 8.0448 869.960473 0.004578 1.30900002 127.980438 22.356894 127.914505 0.000000 0.000000
573 8.2847 869.968757 0.004578 1.30900002 127.980408 22.356892 127.914536 0.000000 0.000000
574 8.3004 869.977058 0.004578 1.30900002 127.980377 22.356892 127.914551 0.000000 0.000000
575 8.5797 869.985637 0.004951 1.30900002 127.980347 22.356890 127.914581 0.000000 0.000000
576 8.4440 869.994081 0.004951 1.30900002 127.980316 22.356888 127.914604 0.000000 0.000000
577 8.0264 870.002108 0.004578 1.30900002 127.980278 22.356886 127.914619 0.000000 0.000000
578 8.3098 870.010418 0.004578 1.30900002 127.980247 22.356888 127.914650 0.000000 0.000000
579 8.8043 870.019222 0.004578 1.30900002 127.980209 22.356886 127.914673 0.000000 0.000000
580 7.8405 870.027063 0.004578 1.30900002 127.980186 22.356884 127.914688 0.000000 0.000000
581 8.3107 870.035373 0.004578 1.30900002 127.980156 22.356884 127.914719 0.000000 0.000000
582 8.3386 870.043712 0.004578 1.30900002 127.980125 22.356884 127.914734 0.000000 0.000000
583 8.3477 870.052059 0.004578 1.30900002 127.980087 22.356882 127.914764 0.000000 0.000000
584 8.5931 870.060653 0.004578 1.30900002 127.980064 22.356880 127.914795 0.000000 0.000000
585 8.3554 870.069008 0.004951 1.30900002 127.980026 22.356878 127.914810 0.000000 0.000000
586 8.0803 870.077088 0.004951 1.30900002 127.980003 22.356876 127.914825 0.000000 0.000000
587 8.3297 870.085418 0.004578 1.30900002 127.979965 22.356876 127.914856 0.000000 0.000000
588 8.5701 870.093988 0.004578 1.30900002 127.979935 22.356876 127.914879 0.000000 0.000000
589 8.3244 870.102312 0.004578 1.30900002 127.979904 22.356874 127.914902 0.000000 0.000000
590 8.3944 870.110707 0.004578 1.30900002 127.979874 22.356873 127.914925 0.000000 0.000000
591 8.0472 870.118754 0.004578 1.30900002 127.979843 22.356873 127.914948 0.000000 0.000000
592 8.3591 870.127113 0.004578 1.30900002 127.979813 22.356869 127.914970 0.000000 0.000000
593 8.3026 870.135416 0.004951 1.30900002 127.979782 22.356869 127.914986 0.000000 0.000000
594 8.5652 870.143981 0.004951 1.30900002 127.979752 22.356869 127.915009 0.000000 0.000000
595 8.1168 870.152098 0.004578 1.30900002 127.979721 22.356869 127.915039 0.000000 0.000000
596 8.6047 870.160702 0.004578 1.30900002 127.979683 22.356865 127.915054 0.000000 0.000000
597 8.0400 870.168742 0.004578 1.30900002 127.979652 22.356865 127.915085 0.000000 0.000000
598 8.3483 870.177091 0.004578 1.30900002 127.979630 22.356865 127.915100 0.000000 0.000000
599 8.2981 870.185389 0.004578 1.30900002 127.979591 22.356863 127.915131 0.000000 0.000000
600 8.6253 870.194014 0.004578 1.30900002 127.979553 22.356861 127.915161 0.000000 0.000000
601 8.3786 870.202393 0.004951 1.30900002 127.979530 22.356859 127.915176 0.000000 0.000000
602 8.0652 870.210458 0.004951 1.30900002 127.979492 22.356857 127.915199 0.000000 0.000000
603 8.2626 870.218720 0.004578 1.30900002 127.979462 22.356857 127.915215 0.000000 0.000000
604 8.6334 870.227354 0.004578 1.30900002 127.979431 22.356857 127.915245 0.000000 0.000000
605 8.2745 870.235628 0.004578 1.30900002 127.979401 22.356855 127.915260 0.000000 0.000000
606 8.1290 870.243757 0.004578 1.30900002 127.979370 22.356853 127.915291 0.000000 0.000000
607 8.5279 870.252285 0.004578 1.30900002 127.979340 22.356853 127.915314 0.000000 0.000000
608 8.1573 870.260443 0.004578 1.30900002 127.979309 22.356852 127.915329 0.000000 0.000000
609 8.2905 870.268733 0.004578 1.30900002 127.979279 22.356850 127.915359 0.000000 0.000000
610 8.5988 870.277332 0.004578 1.30900002 127.979248 22.356850 127.915382 0.000000 0.000000
611 8.1030 870.285435 0.004578 1.30900002 127.979210 22.356846 127.915398 0.000000 0.000000
612 8.5484 870.293983 0.004578 1.30900002 127.979187 22.356846 127.915428 0.000000 0.000000
613 8.3698 870.302353 0.004578 1.30900002 127.979156 22.356846 127.915451 0.000000 0.000000
614 8.0344 870.310387 0.004578 1.30900002 127.979126 22.356844 127.915466 0.000000 0.000000
615 8.3428 870.318730 0.004578 1.30900002 127.979095 22.356844 127.915497 0.000000 0.000000
616 8.5645 870.327295 0.004578 1.30900002 127.979065 22.356842 127.915512 0.000000 0.000000
617 8.3174 870.335612 0.004578 1.30900002 127.979034 22.356842 127.915543 0.000000 0.000000
618 8.4365 870.344049 0.004578 1.30900002 127.979004 22.356842 127.915565 0.000000 0.000000
619 8.2111 870.352260 0.004578 1.30900002 127.978973 22.356840 127.915581 0.000000 0.000000
620 8.2246 870.360484 0.004578 1.30900002 127.978943 22.356838 127.915604 0.000000 0.000000
621 8.2391 870.368723 0.004951 1.30900002 127.978912 22.356836 127.915634 0.000000 0.000000
622 8.5974 870.377321 0.004951 1.30900002 127.978874 22.356834 127.915649 0.000000 0.000000
623 8.1145 870.385435 0.004578 1.30900002 127.978851 22.356834 127.915680 0.000000 0.000000
624 8.3148 870.393750 0.004578 1.30900002 127.978806 22.356834 127.915703 0.000000 0.000000
625 8.6115 870.402362 0.004578 1.30900002 127.978783 22.356833 127.915726 0.000000 0.000000
626 8.0463 870.410408 0.004578 1.30900002 127.978752 22.356831 127.915741 0.000000 0.000000
627 8.7625 870.419170 0.004578 1.30900002 127.978714 22.356829 127.915771 0.000000 0.000000
628 8.2665 870.427437 0.004578 1.30900002 127.978683 22.356829 127.915794 0.000000 0.000000
629 8.0254 870.435462 0.004951 1.30900002 127.978661 22.356827 127.915817 0.000000 0.000000
630 8.2558 870.443718 0.004951 1.30900002 127.978622 22.356827 127.915840 0.000000 0.000000
631 8.5572 870.452275 0.004578 1.30900002 127.978592 22.356825 127.915863 0.000000 0.000000
632 8.1713 870.460447 0.004578 1.30900002 127.978561 22.356823 127.915886 0.000000 0.000000
633 8.5419 870.468988 0.004578 1.30900002 127.978531 22.356823 127.915909 0.000000 0.000000
634 8.3286 870.477317 0.004578 1.30900002 127.978500 22.356823 127.915932 0.000000 0.000000
635 8.0962 870.485413 0.004578 1.30900002 127.978470 22.356821 127.915955 0.000000 0.000000
636 8.3290 870.493742 0.004578 1.30900002 127.978439 22.356819 127.915970 0.000000 0.000000
637 8.5237 870.502266 0.004951 1.30900002 127.978409 22.356817 127.916000 0.000000 0.000000
638 8.3899 870.510656 0.004951 1.30900002 127.978378 22.356815 127.916023 0.000000 0.000000
639 8.1052 870.518761 0.004578 1.30900002 127.978340 22.356815 127.916046 0.000000 0.000000
640 8.3022 870.527063 0.004578 1.30900002 127.978317 22.356815 127.916069 0.000000 0.000000
641 8.3261 870.535389 0.004578 1.30900002 127.978279 22.356813 127.916092 0.000000 0.000000
642 8.5826 870.543972 0.004578 1.30900002 127.978241 22.356812 127.916115 0.000000 0.000000
643 8.3693 870.552341 0.004578 1.30900002 127.978210 22.356810 127.916130 0.000000 0.000000
644 8.0746 870.560416 0.004578 1.30900002 127.978180 22.356812 127.916161 0.000000 0.000000
645 8.3224 870.568738 0.004578 1.30900002 127.978157 22.356808 127.916183 0.000000 0.000000
646 8.5674 870.577306 0.004578 1.30900002 127.978127 22.356808 127.916199 0.000000 0.000000
647 8.0959 870.585402 0.004951 1.30900002 127.978096 22.356806 127.916229 0.000000 0.000000
648 8.5752 870.593977 0.004951 1.30900002 127.978058 22.356804 127.916245 0.000000 0.000000
649 8.1075 870.602084 0.004578 1.30900002 127.978027 22.356804 127.916275 0.000000 0.000000
650 8.5533 870.610638 0.004578 1.30900002 127.977997 22.356804 127.916298 0.000000 0.000000
651 8.0988 870.618736 0.004578 1.30900002 127.977974 22.356802 127.916321 0.000000 0.000000
652 8.8639 870.627600 0.004578 1.30900002 127.977936 22.356800 127.916344 0.000000 0.000000
653 7.7900 870.635390 0.004578 1.30900002 127.977905 22.356800 127.916367 0.000000 0.000000
654 8.3330 870.643723 0.004578 1.30900002 127.977875 22.356798 127.916382 0.000000 0.000000
655 8.6365 870.652360 0.004951 1.30900002 127.977844 22.356796 127.916412 0.000000 0.000000
656 8.0882 870.660448 0.004951 1.30900002 127.977814 22.356796 127.916428 0.000000 0.000000
657 8.5087 870.668957 0.004578 1.30900002 127.977776 22.356794 127.916458 0.000000 0.000000
658 8.1557 870.677112 0.004578 1.30900002 127.977745 22.356792 127.916473 0.000000 0.000000
659 8.4254 870.685538 0.004578 1.30900002 127.977707 22.356792 127.916504 0.000000 0.000000
660 8.4103 870.693948 0.004578 1.30900002 127.977676 22.356792 127.916519 0.000000 0.000000
661 8.2952 870.702243 0.004578 1.30900002 127.977646 22.356789 127.916542 0.000000 0.000000
662 8.4107 870.710654 0.004578 1.30900002 127.977615 22.356789 127.916565 0.000000 0.000000
663 8.1053 870.718759 0.004578 1.30900002 127.977592 22.356787 127.916595 0.000000 0.000000
664 8.3734 870.727133 0.004578 1.30900002 127.977554 22.356787 127.916611 0.000000 0.000000
665 8.4976 870.735630 0.004578 1.30900002 127.977539 22.356785 127.916641 0.000000 0.000000
666 8.4365 870.744067 0.004578 1.30900002 127.977501 22.356783 127.916664 0.000000 0.000000
667 8.0492 870.752116 0.004578 1.30900002 127.977470 22.356783 127.916687 0.000000 0.000000
668 8.3165 870.760432 0.004578 1.30900002 127.977440 22.356781 127.916710 0.000000 0.000000
669 8.3130 870.768745 0.004578 1.30900002 127.977409 22.356781 127.916733 0.000000 0.000000
670 8.5945 870.777340 0.004578 1.30900002 127.977371 22.356781 127.916756 0.000000 0.000000
671 8.3247 870.785665 0.004578 1.30900002 127.977348 22.356779 127.916779 0.000000 0.000000
672 8.1137 870.793778 0.004578 1.30900002 127.977318 22.356777 127.916801 0.000000 0.000000
673 8.2977 870.802076 0.004951 1.30900002 127.977287 22.356775 127.916817 0.000000 0.000000
674 8.3225 870.810399 0.004951 1.30900002 127.977257 22.356773 127.916840 0.000000 0.000000
675 8.5538 870.818952 0.004578 1.30900002 127.977219 22.356773 127.916870 0.000000 0.000000
676 8.3804 870.827333 0.004578 1.30900002 127.977188 22.356773 127.916893 0.000000 0.000000
677 8.1150 870.835448 0.004578 1.30900002 127.977158 22.356771 127.916916 0.000000 0.000000
678 8.2713 870.843719 0.004578 1.30900002 127.977127 22.356770 127.916931 0.000000 0.000000
679 8.3101 870.852029 0.004578 1.30900002 127.977097 22.356770 127.916962 0.000000 0.000000
680 8.6429 870.860672 0.004578 1.30900002 127.977066 22.356768 127.916985 0.000000 0.000000
681 8.2774 870.868950 0.004578 1.30900002 127.977036 22.356768 127.917007 0.000000 0.000000
682 8.2278 870.877177 0.004578 1.30900002 127.977005 22.356766 127.917030 0.000000 0.000000
683 8.2439 870.885421 0.004951 1.30900002 127.976974 22.356764 127.917053 0.000000 0.000000
684 8.2947 870.893716 0.004951 1.30900002 127.976944 22.356762 127.917068 0.000000 0.000000
685 8.7082 870.902424 0.004578 1.30900002 127.976906 22.356762 127.917099 0.000000 0.000000
686 16.3077 870.918732 0.004578 1.30900002 127.976845 22.356760 127.917145 0.000000 0.000000
687 0.8654 870.919597 0.004578 1.30900002 127.976837 22.356760 127.917152 0.000000 0.000000
688 7.5075 870.927105 0.004578 1.30900002 127.976814 22.356758 127.917168 0.000000 0.000000
689 8.3174 870.935422 0.004578 1.30900002 127.976784 22.356758 127.917191 0.000000 0.000000
690 8.5895 870.944012 0.004578 1.30900002 127.976753 22.356756 127.917206 0.000000 0.000000
691 8.3112 870.952323 0.004951 1.30900002 127.976723 22.356754 127.917236 0.000000 0.000000
692 8.0893 870.960412 0.004951 1.30900002 127.976685 22.356754 127.917252 0.000000 0.000000
693 8.3469 870.968759 0.004578 1.30900002 127.976654 22.356752 127.917274 0.000000 0.000000
694 8.3038 870.977063 0.004578 1.30900002 127.976624 22.356750 127.917297 0.000000 0.000000
695 8.6392 870.985702 0.004578 1.30900002 127.976593 22.356750 127.917328 0.000000 0.000000
696 8.2852 870.993987 0.004578 1.30900002 127.976562 22.356750 127.917358 0.000000 0.000000
697 8.1147 871.002102 0.004578 1.30900002 127.976532 22.356747 127.917366 0.000000 0.000000
698 8.3026 871.010404 0.004578 1.30900002 127.976501 22.356747 127.917389 0.000000 0.000000
699 8.3247 871.018729 0.004951 1.30900002 127.976471 22.356745 127.917419 0.000000 0.000000
700 8.5858 871.027315 0.004951 1.30900002 127.976440 22.356743 127.917442 0.000000 0.000000
701 8.3280 871.035643 0.004578 1.30900002 127.976402 22.356743 127.917465 0.000000 0.000000
702 8.3964 871.044039 0.004578 1.30900002 127.976372 22.356743 127.917480 0.000000 0.000000
703 8.0457 871.052085 0.004578 1.30900002 127.976341 22.356739 127.917511 0.000000 0.000000
704 8.2896 871.060375 0.004578 1.30900002 127.976303 22.356739 127.917534 0.000000 0.000000
705 8.3697 871.068744 0.004578 1.30900002 127.976273 22.356739 127.917557 0.000000 0.000000
706 8.5944 871.077339 0.004578 1.30900002 127.976250 22.356739 127.917580 0.000000 0.000000
707 8.0946 871.085433 0.004578 1.30900002 127.976219 22.356735 127.917595 0.000000 0.000000
708 8.5225 871.093956 0.004578 1.30900002 127.976189 22.356735 127.917625 0.000000 0.000000
709 8.1330 871.102089 0.004951 1.30900002 127.976158 22.356733 127.917648 0.000000 0.000000
710 8.3070 871.110396 0.004951 1.30900002 127.976120 22.356731 127.917664 0.000000 0.000000
711 8.5716 871.118968 0.004578 1.30900002 127.976089 22.356731 127.917694 0.000000 0.000000
712 8.4242 871.127392 0.004578 1.30900002 127.976059 22.356731 127.917717 0.000000 0.000000
713 8.3111 871.135703 0.004578 1.30900002 127.976028 22.356730 127.917740 0.000000 0.000000
714 8.0557 871.143759 0.004578 1.30900002 127.975998 22.356728 127.917763 0.000000 0.000000
715 8.3428 871.152101 0.004578 1.30900002 127.975967 22.356728 127.917786 0.000000 0.000000
716 8.7317 871.160833 0.004578 1.30900002 127.975937 22.356726 127.917809 0.000000 0.000000
717 7.9179 871.168751 0.004951 1.30900002 127.975906 22.356724 127.917831 0.000000 0.000000
718 8.5625 871.177313 0.004951 1.30900002 127.975876 22.356724 127.917847 0.000000 0.000000
719 8.1090 871.185422 0.004578 1.30900002 127.975838 22.356722 127.917870 0.000000 0.000000
720 8.3207 871.193743 0.004578 1.30900002 127.975815 22.356720 127.917892 0.000000 0.000000
721 8.5563 871.202299 0.004578 1.30900002 127.975777 22.356720 127.917915 0.000000 0.000000
722 8.1527 871.210452 0.004578 1.30900002 127.975739 22.356718 127.917946 0.000000 0.000000
723 8.5230 871.218975 0.004578 1.30900002 127.975723 22.356718 127.917969 0.000000 0.000000
724 8.0733 871.227048 0.004578 1.30900002 127.975685 22.356716 127.917992 0.000000 0.000000
725 8.3657 871.235414 0.004578 1.30900002 127.975655 22.356716 127.918015 0.000000 0.000000
726 8.5706 871.243985 0.004578 1.30900002 127.975616 22.356712 127.918037 0.000000 0.000000
727 8.1676 871.252152 0.004578 1.30900002 127.975594 22.356712 127.918060 0.000000 0.000000
728 8.2577 871.260410 0.004578 1.30900002 127.975571 22.356712 127.918083 0.000000 0.000000
729 8.7006 871.269110 0.004578 1.30900002 127.975533 22.356710 127.918106 0.000000 0.000000
730 7.9632 871.277074 0.004578 1.30900002 127.975502 22.356709 127.918129 0.000000 0.000000
731 8.3489 871.285423 0.004578 1.30900002 127.975471 22.356707 127.918152 0.000000 0.000000
732 8.6235 871.294046 0.004578 1.30900002 127.975441 22.356707 127.918175 0.000000 0.000000
733 8.0381 871.302084 0.004578 1.30900002 127.975410 22.356707 127.918198 0.000000 0.000000
734 8.3145 871.310399 0.004578 1.30900002 127.975388 22.356705 127.918213 0.000000 0.000000
735 8.5922 871.318991 0.004951 1.30900002 127.975342 22.356703 127.918243 0.000000 0.000000
736 8.3991 871.327390 0.004951 1.30900002 127.975311 22.356701 127.918274 0.000000 0.000000
737 8.0428 871.335433 0.004578 1.30900002 127.975281 22.356701 127.918289 0.000000 0.000000
738 8.2875 871.343720 0.004578 1.30900002 127.975250 22.356701 127.918304 0.000000 0.000000
739 8.3713 871.352092 0.004578 1.30900002 127.975212 22.356699 127.918327 0.000000 0.000000
740 8.5717 871.360663 0.004578 1.30900002 127.975189 22.356697 127.918358 0.000000 0.000000
741 8.2475 871.368911 0.004578 1.30900002 127.975159 22.356697 127.918381 0.000000 0.000000
742 8.1420 871.377053 0.004578 1.30900002 127.975128 22.356695 127.918396 0.000000 0.000000
743 8.3405 871.385393 0.004951 1.30900002 127.975090 22.356693 127.918427 0.000000 0.000000
744 8.3757 871.393769 0.004951 1.30900002 127.975060 22.356693 127.918442 0.000000 0.000000
745 8.5396 871.402309 0.004578 1.30900002 127.975029 22.356691 127.918472 0.000000 0.000000
746 8.3589 871.410668 0.004578 1.30900002 127.975006 22.356689 127.918503 0.000000 0.000000
747 8.0985 871.418766 0.004578 1.30900002 127.974968 22.356689 127.918510 0.000000 0.000000
748 8.2930 871.427059 0.004578 1.30900002 127.974937 22.356689 127.918541 0.000000 0.000000
749 8.3357 871.435395 0.004578 1.30900002 127.974915 22.356688 127.918564 0.000000 0.000000
750 8.5891 871.443984 0.004578 1.30900002 127.974876 22.356686 127.918579 0.000000 0.000000
751 8.1038 871.452088 0.004578 1.30900002 127.974846 22.356686 127.918602 0.000000 0.000000
752 8.3162 871.460404 0.004578 1.30900002 127.974823 22.356682 127.918633 0.000000 0.000000
753 8.3084 871.468712 0.004951 1.30900002 127.974785 22.356682 127.918655 0.000000 0.000000
754 8.3322 871.477044 0.004951 1.30900002 127.974747 22.356682 127.918671 0.000000 0.000000
755 8.5760 871.485620 0.004578 1.30900002 127.974716 22.356680 127.918694 0.000000 0.000000
756 8.1296 871.493750 0.004578 1.30900002 127.974686 22.356678 127.918716 0.000000 0.000000
757 8.2916 871.502042 0.004578 1.30900002 127.974655 22.356678 127.918747 0.000000 0.000000
758 8.7295 871.510771 0.004578 1.30900002 127.974625 22.356676 127.918777 0.000000 0.000000
759 7.9794 871.518750 0.004578 1.30900002 127.974594 22.356676 127.918793 0.000000 0.000000
760 8.5627 871.527313 0.004578 1.30900002 127.974564 22.356674 127.918816 0.000000 0.000000
761 8.0718 871.535385 0.004951 1.30900002 127.974533 22.356672 127.918839 0.000000 0.000000
762 8.3129 871.543698 0.004951 1.30900002 127.974495 22.356670 127.918861 0.000000 0.000000
763 8.6385 871.552336 0.004578 1.30900002 127.974464 22.356670 127.918884 0.000000 0.000000
764 8.5104 871.560847 0.004578 1.30900002 127.974426 22.356670 127.918907 0.000000 0.000000
765 7.8672 871.568714 0.004578 1.30900002 127.974396 22.356668 127.918922 0.000000 0.000000
766 8.3820 871.577096 0.004578 1.30900002 127.974373 22.356667 127.918953 0.000000 0.000000
767 8.3173 871.585413 0.004578 1.30900002 127.974350 22.356667 127.918976 0.000000 0.000000
768 8.3113 871.593725 0.004578 1.30900002 127.974312 22.356665 127.918999 0.000000 0.000000
769 8.3184 871.602043 0.004578 1.30900002 127.974281 22.356665 127.919014 0.000000 0.000000
770 8.6727 871.610716 0.004578 1.30900002 127.974243 22.356663 127.919044 0.000000 0.000000
771 8.2441 871.618960 0.004951 1.30900002 127.974220 22.356661 127.919067 0.000000 0.000000
772 8.1377 871.627098 0.004951 1.30900002 127.974182 22.356659 127.919083 0.000000 0.000000
773 8.2741 871.635372 0.004578 1.30900002 127.974152 22.356659 127.919113 0.000000 0.000000
774 8.3388 871.643710 0.004578 1.30900002 127.974121 22.356659 127.919128 0.000000 0.000000
775 8.3460 871.652056 0.004578 1.30900002 127.974091 22.356659 127.919167 0.000000 0.000000
776 8.6078 871.660664 0.004578 1.30900002 127.974060 22.356655 127.919174 0.000000 0.000000
777 8.0526 871.668717 0.004578 1.30900002 127.974030 22.356655 127.919205 0.000000 0.000000
778 8.6315 871.677348 0.004578 1.30900002 127.973999 22.356651 127.919228 0.000000 0.000000
779 8.3832 871.685732 0.004951 1.30900002 127.973969 22.356651 127.919250 0.000000 0.000000
780 8.0086 871.693740 0.004951 1.30900002 127.973938 22.356649 127.919266 0.000000 0.000000
781 8.6610 871.702401 0.004578 1.30900002 127.973900 22.356649 127.919296 0.000000 0.000000
782 8.1072 871.710508 0.004578 1.30900002 127.973877 22.356647 127.919319 0.000000 0.000000
783 8.2831 871.718791 0.004578 1.30900002 127.973839 22.356647 127.919342 0.000000 0.000000
784 8.5409 871.727332 0.004578 1.30900002 127.973801 22.356647 127.919365 0.000000 0.000000
785 8.2130 871.735545 0.004578 1.30900002 127.973778 22.356646 127.919380 0.000000 0.000000
786 8.5425 871.744088 0.004578 1.30900002 127.973747 22.356644 127.919403 0.000000 0.000000
787 8.0536 871.752141 0.004578 1.30900002 127.973724 22.356644 127.919434 0.000000 0.000000
788 8.3144 871.760456 0.004578 1.30900002 127.973679 22.356640 127.919449 0.000000 0.000000
789 8.5576 871.769013 0.004951 1.30900002 127.973656 22.356640 127.919479 0.000000 0.000000
790 8.2058 871.777219 0.004951 1.30900002 127.973618 22.356640 127.919502 0.000000 0.000000
791 8.4287 871.785648 0.004578 1.30900002 127.973595 22.356640 127.919525 0.000000 0.000000
792 8.2568 871.793905 0.004578 1.30900002 127.973557 22.356636 127.919548 0.000000 0.000000
793 8.2417 871.802146 0.004578 1.30900002 127.973534 22.356636 127.919571 0.000000 0.000000
794 8.3435 871.810490 0.004578 1.30900002 127.973495 22.356636 127.919594 0.000000 0.000000
795 8.2983 871.818788 0.004578 1.30900002 127.973465 22.356634 127.919617 0.000000 0.000000
796 8.3906 871.827179 0.004578 1.30900002 127.973434 22.356632 127.919640 0.000000 0.000000
797 8.2457 871.835425 0.004951 1.30900002 127.973396 22.356630 127.919655 0.000000 0.000000
798 8.5480 871.843973 0.004951 1.30900002 127.973373 22.356628 127.919678 0.000000 0.000000
799 8.4545 871.852427 0.004578 1.30900002 127.973335 22.356628 127.919708 0.000000 0.000000
800 8.0172 871.860444 0.004578 1.30900002 127.973297 22.356628 127.919724 0.000000 0.000000
801 8.3357 871.868780 0.004578 1.30900002 127.973274 22.356627 127.919754 0.000000 0.000000
802 8.2671 871.877047 0.004578 1.30900002 127.973244 22.356625 127.919769 0.000000 0.000000
803 8.6655 871.885713 0.004578 1.30900002 127.973206 22.356623 127.919800 0.000000 0.000000
804 8.3368 871.894049 0.004578 1.30900002 127.973183 22.356623 127.919815 0.000000 0.000000
805 8.0665 871.902116 0.004951 1.30900002 127.973160 22.356621 127.919846 0.000000 0.000000
806 8.3030 871.910419 0.004951 1.30900002 127.973114 22.356621 127.919861 0.000000 0.000000
807 8.5888 871.919008 0.004578 1.30900002 127.973083 22.356619 127.919891 0.000000 0.000000
808 8.1668 871.927174 0.004578 1.30900002 127.973053 22.356617 127.919907 0.000000 0.000000
809 8.4775 871.935652 0.004578 1.30900002 127.973022 22.356617 127.919937 0.000000 0.000000
810 8.1064 871.943758 0.004578 1.30900002 127.972992 22.356617 127.919952 0.000000 0.000000
811 8.3542 871.952113 0.004578 1.30900002 127.972961 22.356615 127.919991 0.000000 0.000000
812 8.5531 871.960666 0.004578 1.30900002 127.972931 22.356613 127.920013 0.000000 0.000000
813 8.4370 871.969103 0.004578 1.30900002 127.972900 22.356611 127.920029 0.000000 0.000000
814 7.9776 871.977080 0.004578 1.30900002 127.972870 22.356609 127.920052 0.000000 0.000000
815 8.3013 871.985381 0.004951 1.30900002 127.972839 22.356609 127.920074 0.000000 0.000000
816 8.5863 871.993968 0.004951 1.30900002 127.972801 22.356607 127.920097 0.000000 0.000000
817 8.3453 872.002313 0.004578 1.30900002 127.972763 22.356607 127.920113 0.000000 0.000000
818 8.3674 872.010680 0.004578 1.30900002 127.972733 22.356606 127.920143 0.000000 0.000000
819 348.6432 872.359324 0.004578 1.30900002 127.972435 22.356594 127.920364 0.000000 0.000000
820 1.5938 872.360917 0.004578 1.30900002 127.972427 22.356594 127.920380 0.000000 0.000000
821 0.8765 872.361794 0.004578 1.30900002 127.972420 22.356594 127.920380 0.000000 0.000000
822 15.5769 872.377371 0.004578 1.30900002 127.972366 22.356592 127.920418 0.000000 0.000000
823 0.8636 872.378234 0.004578 1.30900002 127.972366 22.356592 127.920425 0.000000 0.000000
824 7.4233 872.385658 0.004951 1.30900002 127.972336 22.356590 127.920441 0.000000 0.000000
