# Daggerfall N per-frame log -- one line per PRESENTED frame.
# No readback, no settle, no cooldown: this instrument cannot
# quiet the thing it is pointed at. Between-frames motion is
# arithmetic on adjacent lines.
# frame dt_ms game_s speed fov_y eye_x eye_y eye_z yaw pitch
0 48.3005 864.048300 0.000000 1.30900002 128.000000 22.546993 127.900009 0.000000 0.000000
1 149.0499 864.197350 0.000000 1.30900002 128.000000 22.481346 127.900002 0.000000 0.000000
2 159.2620 864.356612 0.028025 1.30900002 127.999863 22.367960 127.900116 0.000000 0.000000
3 110.9708 864.467583 0.004578 1.30900002 127.999382 22.325169 127.900475 0.000000 0.000000
4 131.2333 864.598817 0.004578 1.30900002 127.999023 22.339211 127.900749 0.000000 0.000000
5 339.6792 864.938496 0.004578 1.30900002 127.998764 22.356972 127.900948 0.000000 0.000000
6 184.2382 865.122734 0.004578 1.30900002 127.998459 22.357567 127.901176 0.000000 0.000000
7 131.2505 865.253985 0.004578 1.30900002 127.998154 22.357559 127.901405 0.000000 0.000000
8 177.9728 865.431957 0.004578 1.30900002 127.997810 22.357546 127.901657 0.000000 0.000000
9 3.6100 865.435567 0.004578 1.30900002 127.997795 22.357544 127.901672 0.000000 0.000000
10 7.6840 865.443251 0.004578 1.30900002 127.997772 22.357540 127.901695 0.000000 0.000000
11 8.3120 865.451563 0.004578 1.30900002 127.997742 22.357540 127.901711 0.000000 0.000000
12 8.5071 865.460071 0.004578 1.30900002 127.997704 22.357540 127.901733 0.000000 0.000000
13 8.3150 865.468386 0.004578 1.30900002 127.997665 22.357538 127.901756 0.000000 0.000000
14 8.3065 865.476692 0.004578 1.30900002 127.997643 22.357536 127.901787 0.000000 0.000000
15 8.4130 865.485105 0.004578 1.30900002 127.997612 22.357536 127.901810 0.000000 0.000000
16 8.1285 865.493234 0.004578 1.30900002 127.997589 22.357536 127.901825 0.000000 0.000000
17 8.3739 865.501607 0.004578 1.30900002 127.997551 22.357533 127.901855 0.000000 0.000000
18 8.2563 865.509864 0.004578 1.30900002 127.997528 22.357533 127.901878 0.000000 0.000000
19 8.3164 865.518180 0.004578 1.30900002 127.997498 22.357533 127.901901 0.000000 0.000000
20 8.3570 865.526537 0.004578 1.30900002 127.997467 22.357531 127.901917 0.000000 0.000000
21 8.4040 865.534941 0.004578 1.30900002 127.997429 22.357529 127.901947 0.000000 0.000000
22 8.2530 865.543194 0.004578 1.30900002 127.997398 22.357527 127.901962 0.000000 0.000000
23 8.3226 865.551517 0.004578 1.30900002 127.997368 22.357527 127.901993 0.000000 0.000000
24 8.6267 865.560143 0.004578 1.30900002 127.997345 22.357525 127.902008 0.000000 0.000000
25 8.0832 865.568227 0.004578 1.30900002 127.997307 22.357523 127.902031 0.000000 0.000000
26 8.3427 865.576569 0.004578 1.30900002 127.997276 22.357525 127.902054 0.000000 0.000000
27 8.3464 865.584916 0.004578 1.30900002 127.997253 22.357523 127.902084 0.000000 0.000000
28 8.3289 865.593245 0.004578 1.30900002 127.997215 22.357521 127.902100 0.000000 0.000000
29 8.4913 865.601736 0.004578 1.30900002 127.997185 22.357521 127.902130 0.000000 0.000000
30 8.2220 865.609958 0.004578 1.30900002 127.997154 22.357517 127.902153 0.000000 0.000000
31 8.2675 865.618225 0.004578 1.30900002 127.997124 22.357515 127.902168 0.000000 0.000000
32 8.3162 865.626542 0.004578 1.30900002 127.997093 22.357515 127.902191 0.000000 0.000000
33 8.4064 865.634948 0.004578 1.30900002 127.997063 22.357515 127.902222 0.000000 0.000000
34 8.2399 865.643188 0.004578 1.30900002 127.997032 22.357513 127.902237 0.000000 0.000000
35 8.3528 865.651541 0.004578 1.30900002 127.997002 22.357513 127.902260 0.000000 0.000000
36 8.3480 865.659889 0.004578 1.30900002 127.996979 22.357512 127.902283 0.000000 0.000000
37 8.3615 865.668250 0.004578 1.30900002 127.996941 22.357512 127.902313 0.000000 0.000000
38 8.2580 865.676508 0.004578 1.30900002 127.996910 22.357510 127.902328 0.000000 0.000000
39 8.5745 865.685083 0.004578 1.30900002 127.996887 22.357510 127.902359 0.000000 0.000000
40 8.1742 865.693257 0.004578 1.30900002 127.996849 22.357508 127.902374 0.000000 0.000000
41 8.2837 865.701541 0.004578 1.30900002 127.996819 22.357506 127.902405 0.000000 0.000000
42 8.3458 865.709886 0.004578 1.30900002 127.996788 22.357506 127.902420 0.000000 0.000000
43 8.2863 865.718173 0.004578 1.30900002 127.996758 22.357504 127.902443 0.000000 0.000000
44 8.3756 865.726548 0.004578 1.30900002 127.996735 22.357502 127.902466 0.000000 0.000000
45 8.3375 865.734886 0.004578 1.30900002 127.996696 22.357502 127.902496 0.000000 0.000000
46 8.2991 865.743185 0.004578 1.30900002 127.996674 22.357502 127.902519 0.000000 0.000000
47 8.3928 865.751578 0.004578 1.30900002 127.996643 22.357500 127.902534 0.000000 0.000000
48 8.3529 865.759931 0.004578 1.30900002 127.996605 22.357498 127.902565 0.000000 0.000000
49 8.2440 865.768175 0.004578 1.30900002 127.996582 22.357498 127.902588 0.000000 0.000000
50 8.3732 865.776548 0.004578 1.30900002 127.996552 22.357496 127.902603 0.000000 0.000000
51 8.3481 865.784896 0.004578 1.30900002 127.996521 22.357494 127.902634 0.000000 0.000000
52 8.2776 865.793173 0.004578 1.30900002 127.996483 22.357492 127.902649 0.000000 0.000000
53 8.3667 865.801540 0.004578 1.30900002 127.996460 22.357492 127.902679 0.000000 0.000000
54 8.3104 865.809851 0.004578 1.30900002 127.996422 22.357491 127.902702 0.000000 0.000000
55 8.4015 865.818252 0.004578 1.30900002 127.996391 22.357491 127.902725 0.000000 0.000000
56 8.3029 865.826555 0.004578 1.30900002 127.996361 22.357491 127.902740 0.000000 0.000000
57 8.4253 865.834980 0.004578 1.30900002 127.996330 22.357489 127.902771 0.000000 0.000000
58 8.2304 865.843211 0.004578 1.30900002 127.996307 22.357487 127.902786 0.000000 0.000000
59 8.3519 865.851563 0.004578 1.30900002 127.996269 22.357487 127.902809 0.000000 0.000000
60 8.3093 865.859872 0.004578 1.30900002 127.996239 22.357485 127.902832 0.000000 0.000000
61 8.3514 865.868223 0.004578 1.30900002 127.996201 22.357483 127.902855 0.000000 0.000000
62 8.2891 865.876512 0.004578 1.30900002 127.996178 22.357483 127.902885 0.000000 0.000000
63 8.3773 865.884890 0.004578 1.30900002 127.996155 22.357481 127.902908 0.000000 0.000000
64 8.2758 865.893166 0.004578 1.30900002 127.996124 22.357479 127.902924 0.000000 0.000000
65 8.3667 865.901532 0.004578 1.30900002 127.996086 22.357477 127.902954 0.000000 0.000000
66 8.2972 865.909829 0.004578 1.30900002 127.996056 22.357479 127.902969 0.000000 0.000000
67 8.3437 865.918173 0.004578 1.30900002 127.996025 22.357475 127.902992 0.000000 0.000000
68 8.3462 865.926519 0.004578 1.30900002 127.996002 22.357475 127.903015 0.000000 0.000000
69 8.3321 865.934851 0.004578 1.30900002 127.995972 22.357475 127.903046 0.000000 0.000000
70 8.3315 865.943183 0.004578 1.30900002 127.995934 22.357473 127.903061 0.000000 0.000000
71 8.2958 865.951479 0.004578 1.30900002 127.995911 22.357471 127.903084 0.000000 0.000000
72 8.3628 865.959842 0.004578 1.30900002 127.995880 22.357471 127.903107 0.000000 0.000000
73 8.5618 865.968403 0.004578 1.30900002 127.995850 22.357470 127.903137 0.000000 0.000000
74 8.3747 865.976778 0.004578 1.30900002 127.995811 22.357468 127.903160 0.000000 0.000000
75 8.2537 865.985032 0.004578 1.30900002 127.995781 22.357466 127.903175 0.000000 0.000000
76 8.3494 865.993381 0.004578 1.30900002 127.995750 22.357466 127.903206 0.000000 0.000000
77 8.3195 866.001701 0.004578 1.30900002 127.995720 22.357464 127.903221 0.000000 0.000000
78 8.3100 866.010011 0.004578 1.30900002 127.995697 22.357464 127.903244 0.000000 0.000000
79 8.4692 866.018480 0.004578 1.30900002 127.995659 22.357464 127.903267 0.000000 0.000000
80 8.3213 866.026801 0.004578 1.30900002 127.995636 22.357462 127.903290 0.000000 0.000000
81 8.1180 866.034919 0.004578 1.30900002 127.995598 22.357458 127.903320 0.000000 0.000000
82 8.2520 866.043171 0.004578 1.30900002 127.995567 22.357458 127.903336 0.000000 0.000000
83 8.5850 866.051756 0.004578 1.30900002 127.995544 22.357456 127.903366 0.000000 0.000000
84 8.0945 866.059851 0.004578 1.30900002 127.995506 22.357456 127.903381 0.000000 0.000000
85 8.3232 866.068174 0.004578 1.30900002 127.995476 22.357456 127.903404 0.000000 0.000000
86 8.3469 866.076521 0.004578 1.30900002 127.995445 22.357456 127.903435 0.000000 0.000000
87 8.3554 866.084876 0.004578 1.30900002 127.995422 22.357454 127.903450 0.000000 0.000000
88 8.3227 866.093199 0.004578 1.30900002 127.995384 22.357452 127.903481 0.000000 0.000000
89 8.3185 866.101517 0.004578 1.30900002 127.995354 22.357452 127.903503 0.000000 0.000000
90 8.5823 866.110100 0.004578 1.30900002 127.995331 22.357452 127.903526 0.000000 0.000000
91 8.0417 866.118141 0.004578 1.30900002 127.995300 22.357450 127.903549 0.000000 0.000000
92 8.3847 866.126526 0.004578 1.30900002 127.995270 22.357449 127.903564 0.000000 0.000000
93 8.3275 866.134853 0.004578 1.30900002 127.995232 22.357447 127.903595 0.000000 0.000000
94 8.3132 866.143167 0.004578 1.30900002 127.995201 22.357445 127.903618 0.000000 0.000000
95 8.6102 866.151777 0.004578 1.30900002 127.995163 22.357443 127.903641 0.000000 0.000000
96 8.3638 866.160141 0.004578 1.30900002 127.995148 22.357445 127.903656 0.000000 0.000000
97 8.0230 866.168164 0.004578 1.30900002 127.995110 22.357443 127.903679 0.000000 0.000000
98 8.3606 866.176524 0.004578 1.30900002 127.995087 22.357441 127.903702 0.000000 0.000000
99 8.3496 866.184874 0.004578 1.30900002 127.995049 22.357441 127.903725 0.000000 0.000000
100 8.5258 866.193400 0.004578 1.30900002 127.995026 22.357441 127.903748 0.000000 0.000000
101 8.1767 866.201576 0.004578 1.30900002 127.994987 22.357437 127.903770 0.000000 0.000000
102 8.3187 866.209895 0.004578 1.30900002 127.994965 22.357437 127.903793 0.000000 0.000000
103 8.3330 866.218228 0.004578 1.30900002 127.994926 22.357435 127.903824 0.000000 0.000000
104 8.2915 866.226520 0.004578 1.30900002 127.994904 22.357433 127.903847 0.000000 0.000000
105 8.3884 866.234908 0.004578 1.30900002 127.994865 22.357433 127.903870 0.000000 0.000000
106 8.2870 866.243195 0.004578 1.30900002 127.994843 22.357433 127.903893 0.000000 0.000000
107 8.3101 866.251505 0.004578 1.30900002 127.994804 22.357431 127.903908 0.000000 0.000000
108 8.4217 866.259927 0.004578 1.30900002 127.994774 22.357430 127.903931 0.000000 0.000000
109 8.3138 866.268241 0.004578 1.30900002 127.994743 22.357430 127.903961 0.000000 0.000000
110 8.2869 866.276528 0.004578 1.30900002 127.994713 22.357430 127.903976 0.000000 0.000000
111 8.3402 866.284868 0.004578 1.30900002 127.994682 22.357426 127.903999 0.000000 0.000000
112 8.3677 866.293235 0.004578 1.30900002 127.994659 22.357426 127.904030 0.000000 0.000000
113 8.2857 866.301521 0.004578 1.30900002 127.994621 22.357424 127.904053 0.000000 0.000000
114 8.3482 866.309869 0.004578 1.30900002 127.994591 22.357422 127.904068 0.000000 0.000000
115 8.3237 866.318193 0.004578 1.30900002 127.994560 22.357422 127.904099 0.000000 0.000000
116 8.4049 866.326598 0.004578 1.30900002 127.994537 22.357422 127.904114 0.000000 0.000000
117 8.2744 866.334872 0.004578 1.30900002 127.994499 22.357422 127.904144 0.000000 0.000000
118 8.2937 866.343166 0.004578 1.30900002 127.994476 22.357418 127.904167 0.000000 0.000000
119 8.3920 866.351558 0.004578 1.30900002 127.994438 22.357418 127.904190 0.000000 0.000000
120 8.4048 866.359963 0.004578 1.30900002 127.994408 22.357418 127.904205 0.000000 0.000000
121 8.2018 866.368165 0.004578 1.30900002 127.994377 22.357416 127.904228 0.000000 0.000000
122 8.3696 866.376534 0.004578 1.30900002 127.994354 22.357414 127.904259 0.000000 0.000000
123 8.3015 866.384836 0.004578 1.30900002 127.994324 22.357412 127.904282 0.000000 0.000000
124 8.3646 866.393200 0.004578 1.30900002 127.994293 22.357410 127.904305 0.000000 0.000000
125 8.3586 866.401559 0.004578 1.30900002 127.994255 22.357410 127.904327 0.000000 0.000000
126 8.3210 866.409880 0.004578 1.30900002 127.994225 22.357410 127.904343 0.000000 0.000000
127 8.3167 866.418197 0.004578 1.30900002 127.994202 22.357409 127.904373 0.000000 0.000000
128 8.3577 866.426554 0.004578 1.30900002 127.994164 22.357407 127.904388 0.000000 0.000000
129 8.3547 866.434909 0.004578 1.30900002 127.994133 22.357407 127.904411 0.000000 0.000000
130 8.3512 866.443260 0.004578 1.30900002 127.994110 22.357407 127.904434 0.000000 0.000000
131 8.2915 866.451552 0.004578 1.30900002 127.994072 22.357405 127.904465 0.000000 0.000000
132 8.2966 866.459848 0.004578 1.30900002 127.994049 22.357403 127.904488 0.000000 0.000000
133 8.5810 866.468429 0.004578 1.30900002 127.994019 22.357401 127.904510 0.000000 0.000000
134 8.3189 866.476748 0.004578 1.30900002 127.993980 22.357399 127.904526 0.000000 0.000000
135 8.2895 866.485038 0.004578 1.30900002 127.993950 22.357399 127.904549 0.000000 0.000000
136 8.1820 866.493220 0.004578 1.30900002 127.993919 22.357399 127.904572 0.000000 0.000000
137 8.3071 866.501527 0.004578 1.30900002 127.993889 22.357397 127.904602 0.000000 0.000000
138 8.3802 866.509907 0.004578 1.30900002 127.993866 22.357395 127.904617 0.000000 0.000000
139 8.2672 866.518174 0.004578 1.30900002 127.993828 22.357393 127.904640 0.000000 0.000000
140 8.6122 866.526786 0.004578 1.30900002 127.993805 22.357395 127.904671 0.000000 0.000000
141 16.4960 866.543282 0.004578 1.30900002 127.993736 22.357391 127.904709 0.000000 0.000000
142 1.0104 866.544293 0.004578 1.30900002 127.993729 22.357391 127.904716 0.000000 0.000000
143 7.2256 866.551518 0.004578 1.30900002 127.993706 22.357388 127.904739 0.000000 0.000000
144 8.3455 866.559864 0.004578 1.30900002 127.993683 22.357388 127.904755 0.000000 0.000000
145 8.3272 866.568191 0.004578 1.30900002 127.993652 22.357388 127.904785 0.000000 0.000000
146 8.3183 866.576509 0.004578 1.30900002 127.993622 22.357388 127.904808 0.000000 0.000000
147 8.3795 866.584889 0.004578 1.30900002 127.993584 22.357386 127.904823 0.000000 0.000000
148 8.5707 866.593460 0.004578 1.30900002 127.993561 22.357384 127.904846 0.000000 0.000000
149 8.0822 866.601542 0.004578 1.30900002 127.993523 22.357384 127.904869 0.000000 0.000000
150 8.3264 866.609868 0.004578 1.30900002 127.993492 22.357384 127.904892 0.000000 0.000000
151 8.3427 866.618211 0.004578 1.30900002 127.993462 22.357382 127.904922 0.000000 0.000000
152 8.3460 866.626557 0.004578 1.30900002 127.993431 22.357380 127.904938 0.000000 0.000000
153 8.3072 866.634864 0.004578 1.30900002 127.993401 22.357378 127.904961 0.000000 0.000000
154 8.3744 866.643238 0.004578 1.30900002 127.993378 22.357376 127.904984 0.000000 0.000000
155 8.2988 866.651537 0.004578 1.30900002 127.993340 22.357376 127.905014 0.000000 0.000000
156 8.3172 866.659854 0.004578 1.30900002 127.993317 22.357376 127.905037 0.000000 0.000000
157 8.3558 866.668210 0.004578 1.30900002 127.993279 22.357374 127.905060 0.000000 0.000000
158 8.4228 866.676633 0.004578 1.30900002 127.993248 22.357372 127.905083 0.000000 0.000000
159 8.2673 866.684900 0.004578 1.30900002 127.993217 22.357372 127.905098 0.000000 0.000000
160 8.3260 866.693226 0.004578 1.30900002 127.993187 22.357372 127.905121 0.000000 0.000000
161 8.2846 866.701511 0.004578 1.30900002 127.993156 22.357370 127.905151 0.000000 0.000000
162 8.3679 866.709879 0.004578 1.30900002 127.993126 22.357368 127.905167 0.000000 0.000000
163 8.3193 866.718198 0.004578 1.30900002 127.993103 22.357367 127.905197 0.000000 0.000000
164 8.3720 866.726570 0.004578 1.30900002 127.993065 22.357365 127.905212 0.000000 0.000000
165 8.2725 866.734843 0.004578 1.30900002 127.993042 22.357365 127.905243 0.000000 0.000000
166 8.3607 866.743203 0.004578 1.30900002 127.993004 22.357365 127.905258 0.000000 0.000000
167 8.3105 866.751514 0.004578 1.30900002 127.992981 22.357361 127.905289 0.000000 0.000000
168 8.3515 866.759865 0.004578 1.30900002 127.992950 22.357361 127.905304 0.000000 0.000000
169 8.3770 866.768242 0.004578 1.30900002 127.992920 22.357361 127.905334 0.000000 0.000000
170 8.5369 866.776779 0.004578 1.30900002 127.992882 22.357361 127.905350 0.000000 0.000000
171 8.1488 866.784928 0.004578 1.30900002 127.992851 22.357359 127.905380 0.000000 0.000000
172 8.2470 866.793175 0.004578 1.30900002 127.992828 22.357357 127.905403 0.000000 0.000000
173 8.3590 866.801534 0.004578 1.30900002 127.992798 22.357355 127.905426 0.000000 0.000000
174 8.3561 866.809890 0.004578 1.30900002 127.992760 22.357353 127.905441 0.000000 0.000000
175 8.3343 866.818224 0.004578 1.30900002 127.992729 22.357353 127.905472 0.000000 0.000000
176 8.3060 866.826530 0.004578 1.30900002 127.992706 22.357353 127.905487 0.000000 0.000000
177 8.3898 866.834920 0.004578 1.30900002 127.992668 22.357351 127.905518 0.000000 0.000000
178 8.2730 866.843193 0.004578 1.30900002 127.992638 22.357349 127.905540 0.000000 0.000000
179 8.3216 866.851515 0.004578 1.30900002 127.992607 22.357349 127.905563 0.000000 0.000000
180 8.3958 866.859911 0.004578 1.30900002 127.992584 22.357349 127.905586 0.000000 0.000000
181 8.2745 866.868185 0.004578 1.30900002 127.992546 22.357346 127.905602 0.000000 0.000000
182 8.3479 866.876533 0.004578 1.30900002 127.992516 22.357346 127.905624 0.000000 0.000000
183 8.2927 866.884826 0.004578 1.30900002 127.992485 22.357346 127.905647 0.000000 0.000000
184 8.3719 866.893197 0.004578 1.30900002 127.992462 22.357344 127.905670 0.000000 0.000000
185 8.3302 866.901528 0.004578 1.30900002 127.992424 22.357340 127.905693 0.000000 0.000000
186 8.3322 866.909860 0.004578 1.30900002 127.992393 22.357342 127.905716 0.000000 0.000000
187 8.5617 866.918422 0.004578 1.30900002 127.992355 22.357338 127.905739 0.000000 0.000000
188 8.3135 866.926735 0.004578 1.30900002 127.992332 22.357338 127.905762 0.000000 0.000000
189 8.1548 866.934890 0.004578 1.30900002 127.992302 22.357338 127.905785 0.000000 0.000000
190 8.3447 866.943235 0.004578 1.30900002 127.992271 22.357338 127.905807 0.000000 0.000000
191 8.3063 866.951541 0.004578 1.30900002 127.992249 22.357336 127.905838 0.000000 0.000000
192 8.3575 866.959899 0.004578 1.30900002 127.992218 22.357334 127.905853 0.000000 0.000000
193 8.2747 866.968173 0.004578 1.30900002 127.992188 22.357334 127.905884 0.000000 0.000000
194 8.3823 866.976555 0.004578 1.30900002 127.992157 22.357330 127.905907 0.000000 0.000000
195 8.2935 866.984849 0.004578 1.30900002 127.992119 22.357330 127.905922 0.000000 0.000000
196 8.3655 866.993214 0.004578 1.30900002 127.992088 22.357330 127.905945 0.000000 0.000000
197 8.3183 867.001533 0.004578 1.30900002 127.992058 22.357328 127.905968 0.000000 0.000000
198 8.3362 867.009869 0.004578 1.30900002 127.992027 22.357327 127.905991 0.000000 0.000000
199 8.5291 867.018398 0.004578 1.30900002 127.991997 22.357325 127.906013 0.000000 0.000000
200 8.2382 867.026636 0.004578 1.30900002 127.991966 22.357325 127.906044 0.000000 0.000000
201 8.1974 867.034834 0.004578 1.30900002 127.991936 22.357323 127.906059 0.000000 0.000000
202 8.3859 867.043219 0.004578 1.30900002 127.991913 22.357323 127.906082 0.000000 0.000000
203 8.3230 867.051543 0.004578 1.30900002 127.991875 22.357323 127.906113 0.000000 0.000000
204 8.3113 867.059854 0.004578 1.30900002 127.991844 22.357321 127.906128 0.000000 0.000000
205 8.5451 867.068399 0.004578 1.30900002 127.991814 22.357319 127.906158 0.000000 0.000000
206 8.1493 867.076548 0.004578 1.30900002 127.991791 22.357319 127.906174 0.000000 0.000000
207 8.3200 867.084868 0.004578 1.30900002 127.991745 22.357315 127.906197 0.000000 0.000000
208 8.3376 867.093206 0.004578 1.30900002 127.991730 22.357315 127.906227 0.000000 0.000000
209 8.2993 867.101505 0.004578 1.30900002 127.991692 22.357315 127.906250 0.000000 0.000000
210 8.4139 867.109919 0.004578 1.30900002 127.991669 22.357313 127.906265 0.000000 0.000000
211 8.2875 867.118207 0.004578 1.30900002 127.991631 22.357313 127.906296 0.000000 0.000000
212 8.3133 867.126520 0.004578 1.30900002 127.991600 22.357311 127.906311 0.000000 0.000000
213 8.3684 867.134888 0.004578 1.30900002 127.991570 22.357311 127.906334 0.000000 0.000000
214 8.3095 867.143198 0.004578 1.30900002 127.991547 22.357309 127.906357 0.000000 0.000000
215 8.3169 867.151515 0.004578 1.30900002 127.991508 22.357307 127.906380 0.000000 0.000000
216 8.3882 867.159903 0.004578 1.30900002 127.991486 22.357307 127.906403 0.000000 0.000000
217 8.3282 867.168231 0.004578 1.30900002 127.991447 22.357306 127.906425 0.000000 0.000000
218 8.3157 867.176547 0.004578 1.30900002 127.991417 22.357304 127.906448 0.000000 0.000000
219 8.3066 867.184853 0.004578 1.30900002 127.991394 22.357304 127.906479 0.000000 0.000000
220 8.5752 867.193428 0.004578 1.30900002 127.991356 22.357304 127.906494 0.000000 0.000000
221 8.2960 867.201724 0.004578 1.30900002 127.991333 22.357302 127.906525 0.000000 0.000000
222 8.1652 867.209890 0.004578 1.30900002 127.991295 22.357300 127.906540 0.000000 0.000000
223 8.3928 867.218282 0.004578 1.30900002 127.991264 22.357300 127.906563 0.000000 0.000000
224 8.2730 867.226556 0.004578 1.30900002 127.991234 22.357298 127.906586 0.000000 0.000000
225 8.2825 867.234838 0.004578 1.30900002 127.991211 22.357296 127.906616 0.000000 0.000000
226 8.3692 867.243207 0.004578 1.30900002 127.991180 22.357296 127.906639 0.000000 0.000000
227 8.3105 867.251518 0.004578 1.30900002 127.991142 22.357294 127.906654 0.000000 0.000000
228 8.3040 867.259822 0.004578 1.30900002 127.991119 22.357292 127.906677 0.000000 0.000000
229 8.3692 867.268191 0.004578 1.30900002 127.991089 22.357292 127.906700 0.000000 0.000000
230 8.3075 867.276498 0.004578 1.30900002 127.991051 22.357290 127.906731 0.000000 0.000000
231 8.3845 867.284883 0.004951 1.30900002 127.991020 22.357290 127.906754 0.000000 0.000000
232 8.3262 867.293209 0.004951 1.30900002 127.990990 22.357288 127.906769 0.000000 0.000000
233 8.6132 867.301822 0.004578 1.30900002 127.990959 22.357288 127.906799 0.000000 0.000000
234 8.0239 867.309846 0.004578 1.30900002 127.990921 22.357285 127.906815 0.000000 0.000000
235 8.3834 867.318230 0.004578 1.30900002 127.990898 22.357285 127.906845 0.000000 0.000000
236 8.2595 867.326489 0.004578 1.30900002 127.990860 22.357285 127.906860 0.000000 0.000000
237 8.3648 867.334854 0.004578 1.30900002 127.990837 22.357283 127.906883 0.000000 0.000000
238 8.3717 867.343226 0.004578 1.30900002 127.990799 22.357281 127.906906 0.000000 0.000000
239 8.2969 867.351522 0.004578 1.30900002 127.990768 22.357281 127.906929 0.000000 0.000000
240 8.3719 867.359894 0.004578 1.30900002 127.990738 22.357281 127.906960 0.000000 0.000000
241 8.2870 867.368181 0.004578 1.30900002 127.990707 22.357277 127.906975 0.000000 0.000000
242 8.3546 867.376536 0.004578 1.30900002 127.990677 22.357277 127.906998 0.000000 0.000000
243 8.3573 867.384893 0.004951 1.30900002 127.990646 22.357273 127.907028 0.000000 0.000000
244 8.2724 867.393166 0.004951 1.30900002 127.990616 22.357273 127.907043 0.000000 0.000000
245 8.3768 867.401542 0.004578 1.30900002 127.990578 22.357273 127.907066 0.000000 0.000000
246 8.3644 867.409907 0.004578 1.30900002 127.990555 22.357273 127.907089 0.000000 0.000000
247 8.3770 867.418284 0.004578 1.30900002 127.990524 22.357271 127.907112 0.000000 0.000000
248 8.2375 867.426521 0.004578 1.30900002 127.990494 22.357269 127.907143 0.000000 0.000000
249 8.6122 867.435134 0.004578 1.30900002 127.990456 22.357269 127.907158 0.000000 0.000000
250 8.2504 867.443384 0.004578 1.30900002 127.990425 22.357269 127.907181 0.000000 0.000000
251 8.1758 867.451560 0.004578 1.30900002 127.990402 22.357267 127.907211 0.000000 0.000000
252 8.2906 867.459850 0.004578 1.30900002 127.990372 22.357265 127.907227 0.000000 0.000000
253 8.3211 867.468171 0.004578 1.30900002 127.990334 22.357264 127.907257 0.000000 0.000000
254 8.3941 867.476566 0.004578 1.30900002 127.990303 22.357262 127.907272 0.000000 0.000000
255 8.2648 867.484830 0.004578 1.30900002 127.990273 22.357262 127.907295 0.000000 0.000000
256 8.3593 867.493190 0.004578 1.30900002 127.990250 22.357262 127.907326 0.000000 0.000000
257 8.5292 867.501719 0.004578 1.30900002 127.990211 22.357260 127.907349 0.000000 0.000000
258 8.1444 867.509863 0.004578 1.30900002 127.990189 22.357258 127.907364 0.000000 0.000000
259 8.2740 867.518137 0.004578 1.30900002 127.990150 22.357258 127.907387 0.000000 0.000000
260 8.4080 867.526545 0.004578 1.30900002 127.990128 22.357256 127.907417 0.000000 0.000000
261 8.4203 867.534965 0.004578 1.30900002 127.990097 22.357258 127.907440 0.000000 0.000000
262 8.2408 867.543206 0.004578 1.30900002 127.990059 22.357254 127.907455 0.000000 0.000000
263 8.3872 867.551594 0.004578 1.30900002 127.990028 22.357250 127.907478 0.000000 0.000000
264 8.2564 867.559850 0.004578 1.30900002 127.989998 22.357250 127.907509 0.000000 0.000000
265 8.4113 867.568261 0.004578 1.30900002 127.989967 22.357250 127.907532 0.000000 0.000000
266 8.2372 867.576498 0.004578 1.30900002 127.989937 22.357250 127.907547 0.000000 0.000000
267 8.3711 867.584870 0.004578 1.30900002 127.989906 22.357248 127.907578 0.000000 0.000000
268 8.3311 867.593201 0.004578 1.30900002 127.989883 22.357246 127.907593 0.000000 0.000000
269 8.3254 867.601526 0.004578 1.30900002 127.989853 22.357246 127.907623 0.000000 0.000000
270 8.3574 867.609883 0.004578 1.30900002 127.989822 22.357244 127.907639 0.000000 0.000000
271 8.3115 867.618195 0.004951 1.30900002 127.989784 22.357243 127.907669 0.000000 0.000000
272 8.3106 867.626506 0.004951 1.30900002 127.989754 22.357241 127.907692 0.000000 0.000000
273 8.3721 867.634878 0.004578 1.30900002 127.989716 22.357241 127.907707 0.000000 0.000000
274 8.3702 867.643248 0.004578 1.30900002 127.989685 22.357239 127.907730 0.000000 0.000000
275 8.3207 867.651569 0.004578 1.30900002 127.989662 22.357239 127.907753 0.000000 0.000000
276 8.3003 867.659869 0.004578 1.30900002 127.989624 22.357239 127.907776 0.000000 0.000000
277 8.2939 867.668163 0.004578 1.30900002 127.989594 22.357237 127.907799 0.000000 0.000000
278 8.3616 867.676524 0.004578 1.30900002 127.989563 22.357235 127.907829 0.000000 0.000000
279 8.5653 867.685090 0.004578 1.30900002 127.989532 22.357235 127.907852 0.000000 0.000000
280 8.2985 867.693388 0.004578 1.30900002 127.989502 22.357231 127.907867 0.000000 0.000000
281 8.1420 867.701530 0.004951 1.30900002 127.989479 22.357231 127.907898 0.000000 0.000000
282 8.3316 867.709862 0.004951 1.30900002 127.989441 22.357231 127.907913 0.000000 0.000000
283 8.4270 867.718289 0.004578 1.30900002 127.989403 22.357229 127.907944 0.000000 0.000000
284 8.2602 867.726549 0.004578 1.30900002 127.989372 22.357227 127.907959 0.000000 0.000000
285 8.2694 867.734819 0.004578 1.30900002 127.989342 22.357227 127.907990 0.000000 0.000000
286 8.3565 867.743175 0.004578 1.30900002 127.989319 22.357227 127.908012 0.000000 0.000000
287 8.3085 867.751484 0.004578 1.30900002 127.989288 22.357225 127.908035 0.000000 0.000000
288 8.3448 867.759828 0.004578 1.30900002 127.989250 22.357224 127.908058 0.000000 0.000000
289 8.6086 867.768437 0.004951 1.30900002 127.989220 22.357220 127.908081 0.000000 0.000000
290 16.4680 867.784905 0.004578 1.30900002 127.989151 22.357220 127.908127 0.000000 0.000000
291 0.9311 867.785836 0.004578 1.30900002 127.989143 22.357220 127.908119 0.000000 0.000000
292 7.3418 867.793178 0.004578 1.30900002 127.989120 22.357220 127.908142 0.000000 0.000000
293 8.3628 867.801541 0.004578 1.30900002 127.989090 22.357218 127.908173 0.000000 0.000000
294 8.5660 867.810107 0.004578 1.30900002 127.989059 22.357216 127.908188 0.000000 0.000000
295 8.1326 867.818239 0.004578 1.30900002 127.989037 22.357216 127.908218 0.000000 0.000000
296 8.3098 867.826549 0.004578 1.30900002 127.988998 22.357216 127.908234 0.000000 0.000000
297 8.3428 867.834892 0.004578 1.30900002 127.988968 22.357214 127.908264 0.000000 0.000000
298 8.3062 867.843198 0.004578 1.30900002 127.988937 22.357212 127.908279 0.000000 0.000000
299 8.3808 867.851579 0.004578 1.30900002 127.988907 22.357208 127.908310 0.000000 0.000000
300 8.3448 867.859924 0.004578 1.30900002 127.988876 22.357208 127.908325 0.000000 0.000000
301 8.3003 867.868224 0.004578 1.30900002 127.988846 22.357208 127.908356 0.000000 0.000000
302 8.2831 867.876507 0.004578 1.30900002 127.988815 22.357208 127.908379 0.000000 0.000000
303 8.4046 867.884912 0.004578 1.30900002 127.988792 22.357206 127.908401 0.000000 0.000000
304 8.3252 867.893237 0.004578 1.30900002 127.988754 22.357204 127.908424 0.000000 0.000000
305 8.3353 867.901572 0.004578 1.30900002 127.988724 22.357203 127.908440 0.000000 0.000000
306 8.3512 867.909923 0.004578 1.30900002 127.988693 22.357203 127.908463 0.000000 0.000000
307 8.2521 867.918176 0.004951 1.30900002 127.988663 22.357201 127.908493 0.000000 0.000000
308 8.6002 867.926776 0.004951 1.30900002 127.988632 22.357199 127.908508 0.000000 0.000000
309 8.1221 867.934898 0.004578 1.30900002 127.988594 22.357199 127.908539 0.000000 0.000000
310 8.3222 867.943220 0.004578 1.30900002 127.988564 22.357197 127.908562 0.000000 0.000000
311 8.3111 867.951531 0.004578 1.30900002 127.988533 22.357197 127.908585 0.000000 0.000000
312 8.3365 867.959868 0.004578 1.30900002 127.988510 22.357197 127.908600 0.000000 0.000000
313 8.3719 867.968239 0.004578 1.30900002 127.988472 22.357195 127.908623 0.000000 0.000000
314 8.3116 867.976551 0.004578 1.30900002 127.988449 22.357193 127.908646 0.000000 0.000000
315 8.4264 867.984977 0.004578 1.30900002 127.988419 22.357193 127.908676 0.000000 0.000000
316 8.2290 867.993206 0.004578 1.30900002 127.988380 22.357191 127.908691 0.000000 0.000000
317 8.3475 868.001554 0.004951 1.30900002 127.988350 22.357189 127.908714 0.000000 0.000000
318 8.3196 868.009873 0.004951 1.30900002 127.988319 22.357187 127.908737 0.000000 0.000000
319 8.3167 868.018190 0.004578 1.30900002 127.988281 22.357187 127.908760 0.000000 0.000000
320 8.6097 868.026800 0.004578 1.30900002 127.988251 22.357185 127.908791 0.000000 0.000000
321 16.4488 868.043249 0.004578 1.30900002 127.988190 22.357185 127.908836 0.000000 0.000000
322 1.0815 868.044330 0.004578 1.30900002 127.988190 22.357185 127.908829 0.000000 0.000000
323 7.2165 868.051547 0.004578 1.30900002 127.988167 22.357183 127.908859 0.000000 0.000000
324 8.3576 868.059904 0.004578 1.30900002 127.988129 22.357182 127.908875 0.000000 0.000000
325 8.3141 868.068218 0.004951 1.30900002 127.988098 22.357180 127.908905 0.000000 0.000000
326 8.5925 868.076811 0.004951 1.30900002 127.988068 22.357178 127.908928 0.000000 0.000000
327 8.0836 868.084895 0.004578 1.30900002 127.988037 22.357178 127.908951 0.000000 0.000000
328 8.3389 868.093233 0.004578 1.30900002 127.988007 22.357178 127.908966 0.000000 0.000000
329 8.3177 868.101551 0.004578 1.30900002 127.987976 22.357176 127.908997 0.000000 0.000000
330 8.3435 868.109895 0.004578 1.30900002 127.987946 22.357174 127.909019 0.000000 0.000000
331 8.3510 868.118246 0.004578 1.30900002 127.987907 22.357174 127.909035 0.000000 0.000000
332 8.2927 868.126538 0.004578 1.30900002 127.987877 22.357174 127.909065 0.000000 0.000000
333 8.3500 868.134888 0.004578 1.30900002 127.987854 22.357172 127.909088 0.000000 0.000000
334 8.3312 868.143219 0.004578 1.30900002 127.987823 22.357170 127.909103 0.000000 0.000000
335 8.3825 868.151602 0.004951 1.30900002 127.987793 22.357168 127.909134 0.000000 0.000000
336 8.2706 868.159872 0.004951 1.30900002 127.987755 22.357166 127.909149 0.000000 0.000000
337 8.3525 868.168225 0.004578 1.30900002 127.987717 22.357166 127.909172 0.000000 0.000000
338 8.2996 868.176525 0.004578 1.30900002 127.987686 22.357164 127.909195 0.000000 0.000000
339 8.3355 868.184860 0.004578 1.30900002 127.987656 22.357164 127.909225 0.000000 0.000000
340 8.3299 868.193190 0.004578 1.30900002 127.987625 22.357162 127.909241 0.000000 0.000000
341 8.3622 868.201552 0.004578 1.30900002 127.987595 22.357162 127.909271 0.000000 0.000000
342 8.3287 868.209881 0.004578 1.30900002 127.987564 22.357159 127.909294 0.000000 0.000000
343 8.3334 868.218214 0.004578 1.30900002 127.987541 22.357159 127.909317 0.000000 0.000000
344 8.3143 868.226529 0.004578 1.30900002 127.987503 22.357159 127.909332 0.000000 0.000000
345 8.4136 868.234942 0.004578 1.30900002 127.987473 22.357159 127.909363 0.000000 0.000000
346 8.2718 868.243214 0.004578 1.30900002 127.987442 22.357155 127.909378 0.000000 0.000000
347 8.3111 868.251525 0.004578 1.30900002 127.987419 22.357157 127.909409 0.000000 0.000000
348 8.3641 868.259889 0.004578 1.30900002 127.987381 22.357155 127.909424 0.000000 0.000000
349 8.3446 868.268234 0.004578 1.30900002 127.987350 22.357153 127.909447 0.000000 0.000000
350 8.3380 868.276572 0.004578 1.30900002 127.987320 22.357151 127.909477 0.000000 0.000000
351 8.2911 868.284863 0.004578 1.30900002 127.987297 22.357151 127.909500 0.000000 0.000000
352 8.3704 868.293233 0.004578 1.30900002 127.987259 22.357147 127.909515 0.000000 0.000000
353 8.3015 868.301535 0.004951 1.30900002 127.987228 22.357147 127.909546 0.000000 0.000000
354 8.3089 868.309844 0.004951 1.30900002 127.987198 22.357147 127.909569 0.000000 0.000000
355 8.3761 868.318220 0.004578 1.30900002 127.987167 22.357145 127.909584 0.000000 0.000000
356 8.3350 868.326555 0.004578 1.30900002 127.987129 22.357143 127.909615 0.000000 0.000000
357 8.3123 868.334867 0.004578 1.30900002 127.987106 22.357143 127.909630 0.000000 0.000000
358 8.3468 868.343214 0.004578 1.30900002 127.987068 22.357143 127.909660 0.000000 0.000000
359 8.3316 868.351545 0.004578 1.30900002 127.987038 22.357141 127.909683 0.000000 0.000000
360 8.3940 868.359939 0.004578 1.30900002 127.987015 22.357140 127.909698 0.000000 0.000000
361 8.2834 868.368223 0.004951 1.30900002 127.986977 22.357138 127.909729 0.000000 0.000000
362 8.3334 868.376556 0.004951 1.30900002 127.986938 22.357136 127.909744 0.000000 0.000000
363 8.3260 868.384882 0.004578 1.30900002 127.986908 22.357136 127.909767 0.000000 0.000000
364 8.2960 868.393178 0.004578 1.30900002 127.986877 22.357134 127.909790 0.000000 0.000000
365 8.3840 868.401562 0.004578 1.30900002 127.986847 22.357134 127.909821 0.000000 0.000000
366 8.3194 868.409882 0.004578 1.30900002 127.986816 22.357132 127.909836 0.000000 0.000000
367 8.3480 868.418230 0.004578 1.30900002 127.986786 22.357132 127.909866 0.000000 0.000000
368 8.3123 868.426542 0.004578 1.30900002 127.986755 22.357128 127.909882 0.000000 0.000000
369 8.3375 868.434879 0.004951 1.30900002 127.986725 22.357128 127.909912 0.000000 0.000000
370 8.3086 868.443188 0.004951 1.30900002 127.986687 22.357128 127.909927 0.000000 0.000000
371 8.3731 868.451561 0.004578 1.30900002 127.986656 22.357126 127.909958 0.000000 0.000000
372 8.3161 868.459877 0.004578 1.30900002 127.986626 22.357124 127.909981 0.000000 0.000000
373 8.3119 868.468189 0.004578 1.30900002 127.986595 22.357124 127.910004 0.000000 0.000000
374 8.3656 868.476555 0.004578 1.30900002 127.986565 22.357124 127.910027 0.000000 0.000000
375 8.3570 868.484912 0.004578 1.30900002 127.986534 22.357122 127.910049 0.000000 0.000000
376 8.2650 868.493177 0.004578 1.30900002 127.986504 22.357121 127.910072 0.000000 0.000000
377 8.3728 868.501550 0.004578 1.30900002 127.986473 22.357119 127.910095 0.000000 0.000000
378 8.3103 868.509860 0.004578 1.30900002 127.986450 22.357119 127.910118 0.000000 0.000000
379 8.3241 868.518184 0.004578 1.30900002 127.986420 22.357117 127.910141 0.000000 0.000000
380 8.3358 868.526520 0.004578 1.30900002 127.986389 22.357117 127.910156 0.000000 0.000000
381 8.4220 868.534942 0.004578 1.30900002 127.986351 22.357113 127.910179 0.000000 0.000000
382 8.3013 868.543243 0.004578 1.30900002 127.986320 22.357113 127.910210 0.000000 0.000000
383 8.5075 868.551750 0.004578 1.30900002 127.986290 22.357113 127.910233 0.000000 0.000000
384 8.3276 868.560078 0.004578 1.30900002 127.986259 22.357113 127.910248 0.000000 0.000000
385 8.2492 868.568327 0.004578 1.30900002 127.986237 22.357109 127.910278 0.000000 0.000000
386 8.2152 868.576542 0.004578 1.30900002 127.986198 22.357109 127.910301 0.000000 0.000000
387 8.3488 868.584891 0.004951 1.30900002 127.986168 22.357105 127.910324 0.000000 0.000000
388 8.5128 868.593404 0.004951 1.30900002 127.986137 22.357105 127.910347 0.000000 0.000000
389 8.4350 868.601839 0.004578 1.30900002 127.986099 22.357105 127.910370 0.000000 0.000000
390 8.0618 868.609901 0.004578 1.30900002 127.986069 22.357103 127.910385 0.000000 0.000000
391 8.3008 868.618202 0.004578 1.30900002 127.986038 22.357103 127.910416 0.000000 0.000000
392 8.3860 868.626588 0.004578 1.30900002 127.986008 22.357101 127.910431 0.000000 0.000000
393 8.2891 868.634877 0.004578 1.30900002 127.985977 22.357100 127.910454 0.000000 0.000000
394 8.3210 868.643198 0.004578 1.30900002 127.985947 22.357101 127.910477 0.000000 0.000000
395 8.3455 868.651543 0.004578 1.30900002 127.985916 22.357100 127.910500 0.000000 0.000000
396 8.3282 868.659871 0.004578 1.30900002 127.985893 22.357098 127.910522 0.000000 0.000000
397 8.3208 868.668192 0.004951 1.30900002 127.985863 22.357096 127.910553 0.000000 0.000000
398 8.3540 868.676546 0.004951 1.30900002 127.985825 22.357094 127.910568 0.000000 0.000000
399 8.3013 868.684847 0.004578 1.30900002 127.985786 22.357094 127.910599 0.000000 0.000000
400 8.3265 868.693174 0.004578 1.30900002 127.985764 22.357094 127.910614 0.000000 0.000000
401 8.3719 868.701546 0.004578 1.30900002 127.985718 22.357090 127.910637 0.000000 0.000000
402 8.3230 868.709869 0.004578 1.30900002 127.985703 22.357090 127.910660 0.000000 0.000000
403 8.3538 868.718223 0.004578 1.30900002 127.985664 22.357090 127.910690 0.000000 0.000000
404 8.2902 868.726513 0.004578 1.30900002 127.985641 22.357088 127.910706 0.000000 0.000000
405 8.3897 868.734903 0.004951 1.30900002 127.985611 22.357086 127.910736 0.000000 0.000000
406 8.2927 868.743195 0.004951 1.30900002 127.985573 22.357086 127.910751 0.000000 0.000000
407 8.3310 868.751526 0.004578 1.30900002 127.985542 22.357084 127.910782 0.000000 0.000000
408 8.3640 868.759890 0.004578 1.30900002 127.985504 22.357082 127.910805 0.000000 0.000000
409 8.3232 868.768213 0.004578 1.30900002 127.985481 22.357082 127.910828 0.000000 0.000000
410 8.3063 868.776520 0.004578 1.30900002 127.985443 22.357080 127.910843 0.000000 0.000000
411 8.3610 868.784881 0.004578 1.30900002 127.985413 22.357080 127.910873 0.000000 0.000000
412 8.3289 868.793210 0.004578 1.30900002 127.985382 22.357079 127.910889 0.000000 0.000000
413 8.3327 868.801542 0.004578 1.30900002 127.985352 22.357079 127.910919 0.000000 0.000000
414 8.3185 868.809861 0.004578 1.30900002 127.985321 22.357075 127.910942 0.000000 0.000000
415 8.3679 868.818229 0.004951 1.30900002 127.985298 22.357075 127.910965 0.000000 0.000000
416 8.2718 868.826501 0.004951 1.30900002 127.985260 22.357075 127.910980 0.000000 0.000000
417 8.3559 868.834857 0.004578 1.30900002 127.985222 22.357073 127.911003 0.000000 0.000000
418 8.3376 868.843194 0.004578 1.30900002 127.985199 22.357071 127.911026 0.000000 0.000000
419 8.3279 868.851522 0.004578 1.30900002 127.985168 22.357071 127.911057 0.000000 0.000000
420 8.7572 868.860279 0.004578 1.30900002 127.985130 22.357071 127.911072 0.000000 0.000000
421 7.9490 868.868228 0.004578 1.30900002 127.985100 22.357067 127.911102 0.000000 0.000000
422 8.2883 868.876516 0.004578 1.30900002 127.985077 22.357067 127.911125 0.000000 0.000000
423 8.3014 868.884818 0.004951 1.30900002 127.985039 22.357065 127.911140 0.000000 0.000000
424 8.3881 868.893206 0.004951 1.30900002 127.985008 22.357063 127.911163 0.000000 0.000000
425 8.3728 868.901579 0.004578 1.30900002 127.984978 22.357063 127.911194 0.000000 0.000000
426 8.2608 868.909840 0.004578 1.30900002 127.984940 22.357061 127.911209 0.000000 0.000000
427 8.3719 868.918212 0.004578 1.30900002 127.984909 22.357061 127.911232 0.000000 0.000000
428 8.2772 868.926489 0.004578 1.30900002 127.984879 22.357059 127.911263 0.000000 0.000000
429 8.3942 868.934883 0.004578 1.30900002 127.984848 22.357059 127.911278 0.000000 0.000000
430 8.2958 868.943179 0.004578 1.30900002 127.984818 22.357059 127.911301 0.000000 0.000000
431 8.3571 868.951536 0.004578 1.30900002 127.984787 22.357056 127.911324 0.000000 0.000000
432 8.2941 868.959830 0.004578 1.30900002 127.984756 22.357056 127.911346 0.000000 0.000000
433 8.3908 868.968221 0.004578 1.30900002 127.984734 22.357054 127.911377 0.000000 0.000000
434 8.3217 868.976542 0.004578 1.30900002 127.984695 22.357052 127.911392 0.000000 0.000000
435 8.5343 868.985077 0.004578 1.30900002 127.984665 22.357052 127.911423 0.000000 0.000000
436 8.3015 868.993378 0.004578 1.30900002 127.984634 22.357050 127.911446 0.000000 0.000000
437 8.3095 869.001688 0.004578 1.30900002 127.984604 22.357050 127.911469 0.000000 0.000000
438 8.4230 869.010111 0.004578 1.30900002 127.984573 22.357048 127.911491 0.000000 0.000000
439 8.3134 869.018424 0.004578 1.30900002 127.984550 22.357048 127.911514 0.000000 0.000000
440 8.2679 869.026692 0.004578 1.30900002 127.984512 22.357044 127.911537 0.000000 0.000000
441 8.3756 869.035068 0.004951 1.30900002 127.984489 22.357044 127.911552 0.000000 0.000000
442 8.1249 869.043193 0.004951 1.30900002 127.984451 22.357044 127.911583 0.000000 0.000000
443 8.3805 869.051573 0.004578 1.30900002 127.984413 22.357042 127.911606 0.000000 0.000000
444 8.3336 869.059907 0.004578 1.30900002 127.984383 22.357040 127.911621 0.000000 0.000000
445 8.3804 869.068287 0.004578 1.30900002 127.984352 22.357040 127.911652 0.000000 0.000000
446 8.2831 869.076570 0.004578 1.30900002 127.984322 22.357040 127.911667 0.000000 0.000000
447 8.3144 869.084885 0.004578 1.30900002 127.984299 22.357038 127.911690 0.000000 0.000000
448 8.3143 869.093199 0.004578 1.30900002 127.984261 22.357037 127.911713 0.000000 0.000000
449 8.3426 869.101541 0.004578 1.30900002 127.984238 22.357037 127.911743 0.000000 0.000000
450 8.3196 869.109861 0.004578 1.30900002 127.984207 22.357035 127.911766 0.000000 0.000000
451 8.3339 869.118195 0.004951 1.30900002 127.984169 22.357033 127.911781 0.000000 0.000000
452 8.2986 869.126494 0.004951 1.30900002 127.984138 22.357033 127.911804 0.000000 0.000000
453 8.6098 869.135103 0.004578 1.30900002 127.984100 22.357031 127.911835 0.000000 0.000000
454 8.1458 869.143249 0.004578 1.30900002 127.984070 22.357029 127.911858 0.000000 0.000000
455 8.2235 869.151473 0.004578 1.30900002 127.984039 22.357029 127.911880 0.000000 0.000000
456 8.3998 869.159872 0.004578 1.30900002 127.984009 22.357029 127.911896 0.000000 0.000000
457 8.3520 869.168224 0.004578 1.30900002 127.983978 22.357027 127.911926 0.000000 0.000000
458 8.2825 869.176507 0.004578 1.30900002 127.983948 22.357025 127.911942 0.000000 0.000000
459 8.3341 869.184841 0.004951 1.30900002 127.983925 22.357023 127.911972 0.000000 0.000000
460 8.3345 869.193176 0.004951 1.30900002 127.983887 22.357021 127.911987 0.000000 0.000000
461 8.3612 869.201537 0.004578 1.30900002 127.983849 22.357021 127.912010 0.000000 0.000000
462 8.3371 869.209874 0.004578 1.30900002 127.983826 22.357021 127.912033 0.000000 0.000000
463 8.2581 869.218132 0.004578 1.30900002 127.983795 22.357019 127.912064 0.000000 0.000000
464 8.3695 869.226501 0.004578 1.30900002 127.983765 22.357018 127.912086 0.000000 0.000000
465 8.3595 869.234861 0.004578 1.30900002 127.983727 22.357018 127.912109 0.000000 0.000000
466 8.3503 869.243211 0.004578 1.30900002 127.983704 22.357016 127.912125 0.000000 0.000000
467 8.3120 869.251523 0.004951 1.30900002 127.983673 22.357014 127.912155 0.000000 0.000000
468 8.2882 869.259811 0.004951 1.30900002 127.983635 22.357014 127.912170 0.000000 0.000000
469 8.3611 869.268173 0.004578 1.30900002 127.983597 22.357012 127.912193 0.000000 0.000000
470 8.3264 869.276499 0.004578 1.30900002 127.983574 22.357010 127.912216 0.000000 0.000000
471 8.3004 869.284799 0.004578 1.30900002 127.983543 22.357010 127.912247 0.000000 0.000000
472 8.4334 869.293233 0.004578 1.30900002 127.983505 22.357008 127.912262 0.000000 0.000000
473 8.2820 869.301515 0.004578 1.30900002 127.983475 22.357008 127.912292 0.000000 0.000000
474 8.3194 869.309834 0.004578 1.30900002 127.983444 22.357006 127.912308 0.000000 0.000000
475 8.3523 869.318186 0.004578 1.30900002 127.983414 22.357006 127.912338 0.000000 0.000000
476 8.3843 869.326571 0.004578 1.30900002 127.983383 22.357002 127.912354 0.000000 0.000000
477 8.3237 869.334894 0.004951 1.30900002 127.983353 22.357002 127.912384 0.000000 0.000000
478 8.2915 869.343186 0.004951 1.30900002 127.983322 22.357002 127.912399 0.000000 0.000000
479 8.3204 869.351506 0.004578 1.30900002 127.983292 22.357000 127.912422 0.000000 0.000000
480 8.3417 869.359848 0.004578 1.30900002 127.983253 22.356998 127.912445 0.000000 0.000000
481 8.3546 869.368203 0.004578 1.30900002 127.983231 22.356998 127.912468 0.000000 0.000000
482 8.3156 869.376518 0.004578 1.30900002 127.983192 22.356998 127.912491 0.000000 0.000000
483 8.3565 869.384875 0.004578 1.30900002 127.983170 22.356997 127.912514 0.000000 0.000000
484 8.2928 869.393168 0.004578 1.30900002 127.983139 22.356995 127.912537 0.000000 0.000000
485 8.3767 869.401544 0.004951 1.30900002 127.983101 22.356991 127.912560 0.000000 0.000000
486 8.3577 869.409902 0.004951 1.30900002 127.983063 22.356991 127.912582 0.000000 0.000000
487 8.2939 869.418196 0.004578 1.30900002 127.983032 22.356991 127.912613 0.000000 0.000000
488 8.2768 869.426473 0.004578 1.30900002 127.983002 22.356991 127.912628 0.000000 0.000000
489 8.3964 869.434869 0.004578 1.30900002 127.982971 22.356989 127.912651 0.000000 0.000000
490 8.2750 869.443144 0.004578 1.30900002 127.982941 22.356987 127.912674 0.000000 0.000000
491 8.3575 869.451502 0.004578 1.30900002 127.982918 22.356987 127.912704 0.000000 0.000000
492 8.3490 869.459850 0.004578 1.30900002 127.982880 22.356983 127.912720 0.000000 0.000000
493 8.2977 869.468148 0.004951 1.30900002 127.982857 22.356983 127.912750 0.000000 0.000000
494 8.5902 869.476738 0.004951 1.30900002 127.982819 22.356981 127.912766 0.000000 0.000000
495 8.4167 869.485155 0.004578 1.30900002 127.982788 22.356981 127.912788 0.000000 0.000000
496 16.6843 869.501839 0.004578 1.30900002 127.982719 22.356979 127.912842 0.000000 0.000000
497 0.9856 869.502825 0.004578 1.30900002 127.982727 22.356979 127.912842 0.000000 0.000000
498 7.0139 869.509839 0.004578 1.30900002 127.982697 22.356977 127.912857 0.000000 0.000000
499 8.4160 869.518255 0.004578 1.30900002 127.982651 22.356977 127.912880 0.000000 0.000000
500 8.2370 869.526492 0.004578 1.30900002 127.982635 22.356976 127.912903 0.000000 0.000000
501 8.3349 869.534827 0.004578 1.30900002 127.982597 22.356976 127.912933 0.000000 0.000000
502 8.6687 869.543495 0.004578 1.30900002 127.982567 22.356974 127.912949 0.000000 0.000000
503 8.1125 869.551608 0.004951 1.30900002 127.982536 22.356972 127.912971 0.000000 0.000000
504 8.2050 869.559813 0.004951 1.30900002 127.982506 22.356972 127.912994 0.000000 0.000000
505 8.4030 869.568216 0.004578 1.30900002 127.982475 22.356970 127.913025 0.000000 0.000000
506 8.2763 869.576492 0.004578 1.30900002 127.982437 22.356968 127.913040 0.000000 0.000000
507 8.3695 869.584862 0.004578 1.30900002 127.982407 22.356968 127.913071 0.000000 0.000000
508 8.2886 869.593150 0.004578 1.30900002 127.982376 22.356968 127.913094 0.000000 0.000000
509 8.4004 869.601551 0.004578 1.30900002 127.982346 22.356966 127.913116 0.000000 0.000000
510 8.3945 869.609945 0.004578 1.30900002 127.982315 22.356964 127.913139 0.000000 0.000000
511 8.2342 869.618179 0.004951 1.30900002 127.982292 22.356962 127.913162 0.000000 0.000000
512 8.3319 869.626511 0.004951 1.30900002 127.982254 22.356960 127.913177 0.000000 0.000000
513 8.3105 869.634822 0.004578 1.30900002 127.982216 22.356960 127.913200 0.000000 0.000000
514 8.3863 869.643208 0.004578 1.30900002 127.982193 22.356960 127.913223 0.000000 0.000000
515 8.2777 869.651486 0.004578 1.30900002 127.982155 22.356958 127.913254 0.000000 0.000000
516 8.5994 869.660085 0.004578 1.30900002 127.982124 22.356956 127.913269 0.000000 0.000000
517 8.0764 869.668162 0.004578 1.30900002 127.982094 22.356956 127.913292 0.000000 0.000000
518 8.3248 869.676486 0.004578 1.30900002 127.982063 22.356956 127.913315 0.000000 0.000000
519 8.3727 869.684859 0.004578 1.30900002 127.982025 22.356955 127.913338 0.000000 0.000000
520 8.3311 869.693190 0.004578 1.30900002 127.982002 22.356953 127.913368 0.000000 0.000000
521 8.2793 869.701470 0.004578 1.30900002 127.981972 22.356951 127.913391 0.000000 0.000000
522 8.4178 869.709887 0.004578 1.30900002 127.981941 22.356949 127.913414 0.000000 0.000000
523 8.2820 869.718169 0.004578 1.30900002 127.981911 22.356949 127.913429 0.000000 0.000000
524 8.3265 869.726496 0.004578 1.30900002 127.981888 22.356949 127.913460 0.000000 0.000000
525 8.5840 869.735080 0.004578 1.30900002 127.981850 22.356945 127.913475 0.000000 0.000000
526 8.1117 869.743192 0.004578 1.30900002 127.981827 22.356945 127.913498 0.000000 0.000000
527 8.5010 869.751693 0.004578 1.30900002 127.981789 22.356943 127.913521 0.000000 0.000000
528 8.1990 869.759892 0.004578 1.30900002 127.981758 22.356941 127.913544 0.000000 0.000000
529 8.2945 869.768186 0.004951 1.30900002 127.981728 22.356941 127.913574 0.000000 0.000000
530 8.2886 869.776475 0.004951 1.30900002 127.981697 22.356939 127.913597 0.000000 0.000000
531 8.4234 869.784898 0.004578 1.30900002 127.981667 22.356939 127.913620 0.000000 0.000000
532 8.2655 869.793163 0.004578 1.30900002 127.981628 22.356937 127.913635 0.000000 0.000000
533 8.3170 869.801480 0.004578 1.30900002 127.981598 22.356937 127.913658 0.000000 0.000000
534 8.3828 869.809863 0.004578 1.30900002 127.981567 22.356937 127.913681 0.000000 0.000000
535 8.3438 869.818207 0.004578 1.30900002 127.981544 22.356936 127.913704 0.000000 0.000000
536 8.2864 869.826494 0.004578 1.30900002 127.981506 22.356934 127.913727 0.000000 0.000000
537 8.3320 869.834826 0.004578 1.30900002 127.981476 22.356934 127.913757 0.000000 0.000000
538 8.3438 869.843169 0.004578 1.30900002 127.981445 22.356930 127.913780 0.000000 0.000000
539 8.3274 869.851497 0.004951 1.30900002 127.981415 22.356930 127.913803 0.000000 0.000000
540 8.3146 869.859811 0.004951 1.30900002 127.981384 22.356930 127.913818 0.000000 0.000000
541 8.3804 869.868192 0.004578 1.30900002 127.981346 22.356928 127.913841 0.000000 0.000000
542 8.2982 869.876490 0.004578 1.30900002 127.981323 22.356926 127.913872 0.000000 0.000000
543 8.3213 869.884811 0.004578 1.30900002 127.981285 22.356928 127.913895 0.000000 0.000000
544 8.3470 869.893158 0.004578 1.30900002 127.981262 22.356926 127.913910 0.000000 0.000000
545 8.4381 869.901596 0.004578 1.30900002 127.981232 22.356924 127.913933 0.000000 0.000000
546 8.2063 869.909803 0.004578 1.30900002 127.981194 22.356922 127.913963 0.000000 0.000000
547 8.3257 869.918128 0.004951 1.30900002 127.981155 22.356918 127.913979 0.000000 0.000000
548 8.4075 869.926536 0.004951 1.30900002 127.981125 22.356918 127.914001 0.000000 0.000000
549 8.3040 869.934840 0.004578 1.30900002 127.981094 22.356918 127.914032 0.000000 0.000000
550 8.3468 869.943187 0.004578 1.30900002 127.981064 22.356918 127.914047 0.000000 0.000000
551 8.2945 869.951481 0.004578 1.30900002 127.981033 22.356916 127.914070 0.000000 0.000000
552 8.3801 869.959861 0.004578 1.30900002 127.981003 22.356915 127.914101 0.000000 0.000000
553 8.4805 869.968342 0.004578 1.30900002 127.980980 22.356915 127.914124 0.000000 0.000000
554 8.3304 869.976672 0.004578 1.30900002 127.980942 22.356913 127.914146 0.000000 0.000000
555 8.3517 869.985024 0.004951 1.30900002 127.980919 22.356911 127.914169 0.000000 0.000000
556 8.1317 869.993156 0.004951 1.30900002 127.980881 22.356909 127.914185 0.000000 0.000000
557 8.3558 870.001511 0.004578 1.30900002 127.980843 22.356907 127.914207 0.000000 0.000000
558 8.3113 870.009823 0.004578 1.30900002 127.980820 22.356907 127.914230 0.000000 0.000000
559 8.3774 870.018200 0.004578 1.30900002 127.980789 22.356907 127.914261 0.000000 0.000000
560 8.3364 870.026537 0.004578 1.30900002 127.980751 22.356907 127.914276 0.000000 0.000000
561 8.2593 870.034796 0.004578 1.30900002 127.980728 22.356907 127.914307 0.000000 0.000000
562 8.3963 870.043192 0.004578 1.30900002 127.980690 22.356903 127.914322 0.000000 0.000000
563 8.3210 870.051513 0.004578 1.30900002 127.980659 22.356903 127.914345 0.000000 0.000000
564 8.2897 870.059803 0.004578 1.30900002 127.980637 22.356899 127.914368 0.000000 0.000000
565 8.3606 870.068164 0.004951 1.30900002 127.980598 22.356899 127.914398 0.000000 0.000000
566 8.3127 870.076476 0.004951 1.30900002 127.980568 22.356899 127.914413 0.000000 0.000000
567 8.4123 870.084889 0.004578 1.30900002 127.980530 22.356897 127.914436 0.000000 0.000000
568 8.2828 870.093171 0.004578 1.30900002 127.980499 22.356895 127.914467 0.000000 0.000000
569 8.3310 870.101502 0.004578 1.30900002 127.980476 22.356895 127.914482 0.000000 0.000000
570 8.3014 870.109804 0.004578 1.30900002 127.980438 22.356895 127.914505 0.000000 0.000000
571 8.4068 870.118211 0.004578 1.30900002 127.980408 22.356892 127.914536 0.000000 0.000000
572 8.2434 870.126454 0.004578 1.30900002 127.980377 22.356892 127.914558 0.000000 0.000000
573 8.3891 870.134843 0.004951 1.30900002 127.980347 22.356890 127.914581 0.000000 0.000000
574 8.3197 870.143163 0.004951 1.30900002 127.980316 22.356888 127.914597 0.000000 0.000000
575 8.3663 870.151529 0.004578 1.30900002 127.980278 22.356888 127.914627 0.000000 0.000000
576 8.3084 870.159837 0.004578 1.30900002 127.980247 22.356888 127.914642 0.000000 0.000000
577 8.3008 870.168138 0.004578 1.30900002 127.980225 22.356886 127.914673 0.000000 0.000000
578 8.3535 870.176492 0.004578 1.30900002 127.980186 22.356884 127.914688 0.000000 0.000000
579 8.5929 870.185085 0.004578 1.30900002 127.980156 22.356884 127.914719 0.000000 0.000000
580 8.2666 870.193351 0.004578 1.30900002 127.980125 22.356884 127.914734 0.000000 0.000000
581 8.3766 870.201728 0.004578 1.30900002 127.980095 22.356880 127.914757 0.000000 0.000000
582 8.3096 870.210038 0.004578 1.30900002 127.980072 22.356880 127.914787 0.000000 0.000000
583 8.2100 870.218247 0.004951 1.30900002 127.980034 22.356876 127.914803 0.000000 0.000000
584 8.2817 870.226529 0.004951 1.30900002 127.980003 22.356876 127.914833 0.000000 0.000000
585 8.2832 870.234812 0.004578 1.30900002 127.979965 22.356874 127.914848 0.000000 0.000000
586 8.4114 870.243224 0.004578 1.30900002 127.979935 22.356876 127.914871 0.000000 0.000000
587 8.2506 870.251474 0.004578 1.30900002 127.979912 22.356874 127.914902 0.000000 0.000000
588 8.3826 870.259857 0.004578 1.30900002 127.979874 22.356873 127.914917 0.000000 0.000000
589 8.2839 870.268141 0.004578 1.30900002 127.979843 22.356873 127.914940 0.000000 0.000000
590 8.3440 870.276485 0.004578 1.30900002 127.979813 22.356869 127.914970 0.000000 0.000000
591 8.3709 870.284856 0.004951 1.30900002 127.979782 22.356869 127.914993 0.000000 0.000000
592 8.3510 870.293207 0.004951 1.30900002 127.979752 22.356869 127.915009 0.000000 0.000000
593 8.2900 870.301497 0.004578 1.30900002 127.979721 22.356865 127.915031 0.000000 0.000000
594 8.3059 870.309803 0.004578 1.30900002 127.979691 22.356865 127.915054 0.000000 0.000000
595 8.3767 870.318179 0.004578 1.30900002 127.979652 22.356865 127.915077 0.000000 0.000000
596 8.3040 870.326483 0.004578 1.30900002 127.979630 22.356865 127.915100 0.000000 0.000000
597 8.3372 870.334821 0.004578 1.30900002 127.979599 22.356863 127.915131 0.000000 0.000000
598 8.3641 870.343185 0.004578 1.30900002 127.979568 22.356861 127.915146 0.000000 0.000000
599 8.2984 870.351483 0.004951 1.30900002 127.979530 22.356859 127.915169 0.000000 0.000000
600 8.3250 870.359808 0.004951 1.30900002 127.979492 22.356857 127.915192 0.000000 0.000000
601 8.3715 870.368180 0.004578 1.30900002 127.979462 22.356857 127.915222 0.000000 0.000000
602 8.3396 870.376519 0.004578 1.30900002 127.979431 22.356857 127.915237 0.000000 0.000000
603 8.3597 870.384879 0.004578 1.30900002 127.979401 22.356855 127.915260 0.000000 0.000000
604 8.2772 870.393156 0.004578 1.30900002 127.979370 22.356853 127.915291 0.000000 0.000000
605 8.3471 870.401503 0.004578 1.30900002 127.979340 22.356853 127.915306 0.000000 0.000000
606 8.3567 870.409860 0.004578 1.30900002 127.979309 22.356853 127.915329 0.000000 0.000000
607 8.3806 870.418240 0.004578 1.30900002 127.979279 22.356852 127.915359 0.000000 0.000000
608 8.2482 870.426489 0.004578 1.30900002 127.979248 22.356850 127.915375 0.000000 0.000000
609 8.3480 870.434837 0.004578 1.30900002 127.979225 22.356848 127.915398 0.000000 0.000000
610 8.3198 870.443156 0.004578 1.30900002 127.979187 22.356846 127.915421 0.000000 0.000000
611 8.3113 870.451468 0.004578 1.30900002 127.979156 22.356844 127.915443 0.000000 0.000000
612 8.3279 870.459796 0.004578 1.30900002 127.979126 22.356846 127.915474 0.000000 0.000000
613 8.3223 870.468118 0.004578 1.30900002 127.979095 22.356844 127.915497 0.000000 0.000000
614 8.3943 870.476512 0.004578 1.30900002 127.979065 22.356842 127.915512 0.000000 0.000000
615 8.3126 870.484825 0.004578 1.30900002 127.979042 22.356842 127.915543 0.000000 0.000000
616 8.3151 870.493140 0.004578 1.30900002 127.979004 22.356840 127.915558 0.000000 0.000000
617 8.3474 870.501487 0.004578 1.30900002 127.978973 22.356838 127.915581 0.000000 0.000000
618 8.2905 870.509778 0.004578 1.30900002 127.978943 22.356838 127.915604 0.000000 0.000000
619 8.3960 870.518174 0.004951 1.30900002 127.978920 22.356836 127.915634 0.000000 0.000000
620 8.3477 870.526522 0.004951 1.30900002 127.978882 22.356834 127.915649 0.000000 0.000000
621 8.3293 870.534851 0.004578 1.30900002 127.978844 22.356834 127.915672 0.000000 0.000000
622 8.3097 870.543161 0.004578 1.30900002 127.978821 22.356834 127.915695 0.000000 0.000000
623 8.6461 870.551807 0.004578 1.30900002 127.978775 22.356833 127.915726 0.000000 0.000000
624 8.2363 870.560043 0.004578 1.30900002 127.978752 22.356831 127.915749 0.000000 0.000000
625 8.3501 870.568393 0.004578 1.30900002 127.978722 22.356829 127.915771 0.000000 0.000000
626 8.2727 870.576666 0.004578 1.30900002 127.978699 22.356829 127.915787 0.000000 0.000000
627 8.3564 870.585022 0.004951 1.30900002 127.978661 22.356827 127.915810 0.000000 0.000000
628 8.1661 870.593189 0.004951 1.30900002 127.978622 22.356825 127.915833 0.000000 0.000000
629 8.3099 870.601498 0.004578 1.30900002 127.978592 22.356825 127.915863 0.000000 0.000000
630 8.3957 870.609894 0.004578 1.30900002 127.978561 22.356823 127.915878 0.000000 0.000000
631 8.2621 870.618156 0.004578 1.30900002 127.978531 22.356823 127.915909 0.000000 0.000000
632 8.3110 870.626467 0.004578 1.30900002 127.978500 22.356823 127.915932 0.000000 0.000000
633 8.5940 870.635061 0.004578 1.30900002 127.978470 22.356821 127.915955 0.000000 0.000000
634 8.1335 870.643195 0.004578 1.30900002 127.978439 22.356819 127.915970 0.000000 0.000000
635 8.3287 870.651523 0.004951 1.30900002 127.978409 22.356815 127.915993 0.000000 0.000000
636 8.3092 870.659833 0.004951 1.30900002 127.978378 22.356815 127.916023 0.000000 0.000000
637 8.3090 870.668142 0.004578 1.30900002 127.978340 22.356815 127.916046 0.000000 0.000000
638 8.3717 870.676513 0.004578 1.30900002 127.978317 22.356815 127.916061 0.000000 0.000000
639 8.2937 870.684807 0.004578 1.30900002 127.978287 22.356812 127.916084 0.000000 0.000000
640 8.3845 870.693191 0.004578 1.30900002 127.978256 22.356812 127.916115 0.000000 0.000000
641 8.2831 870.701475 0.004578 1.30900002 127.978218 22.356810 127.916138 0.000000 0.000000
642 8.3500 870.709825 0.004578 1.30900002 127.978195 22.356812 127.916153 0.000000 0.000000
643 8.3872 870.718212 0.004578 1.30900002 127.978157 22.356810 127.916183 0.000000 0.000000
644 8.2598 870.726472 0.004578 1.30900002 127.978134 22.356808 127.916199 0.000000 0.000000
645 8.3526 870.734824 0.004951 1.30900002 127.978104 22.356806 127.916229 0.000000 0.000000
646 8.3680 870.743192 0.004951 1.30900002 127.978058 22.356804 127.916245 0.000000 0.000000
647 8.2868 870.751479 0.004578 1.30900002 127.978027 22.356804 127.916275 0.000000 0.000000
648 8.4104 870.759889 0.004578 1.30900002 127.977997 22.356804 127.916290 0.000000 0.000000
649 8.2929 870.768182 0.004578 1.30900002 127.977966 22.356802 127.916321 0.000000 0.000000
650 8.3153 870.776498 0.004578 1.30900002 127.977936 22.356800 127.916336 0.000000 0.000000
651 8.3342 870.784832 0.004578 1.30900002 127.977905 22.356800 127.916367 0.000000 0.000000
652 8.3235 870.793155 0.004578 1.30900002 127.977875 22.356798 127.916382 0.000000 0.000000
653 8.5536 870.801709 0.004951 1.30900002 127.977844 22.356794 127.916412 0.000000 0.000000
654 8.3019 870.810011 0.004951 1.30900002 127.977814 22.356796 127.916428 0.000000 0.000000
655 8.1459 870.818157 0.004578 1.30900002 127.977776 22.356794 127.916458 0.000000 0.000000
656 8.3053 870.826462 0.004578 1.30900002 127.977753 22.356792 127.916473 0.000000 0.000000
657 8.3617 870.834824 0.004578 1.30900002 127.977715 22.356791 127.916496 0.000000 0.000000
658 8.3558 870.843180 0.004578 1.30900002 127.977684 22.356792 127.916519 0.000000 0.000000
659 8.3233 870.851503 0.004578 1.30900002 127.977654 22.356791 127.916550 0.000000 0.000000
660 8.3480 870.859851 0.004578 1.30900002 127.977631 22.356789 127.916565 0.000000 0.000000
661 8.3087 870.868160 0.004578 1.30900002 127.977592 22.356789 127.916588 0.000000 0.000000
662 8.3151 870.876475 0.004578 1.30900002 127.977562 22.356785 127.916618 0.000000 0.000000
663 8.3484 870.884823 0.004578 1.30900002 127.977531 22.356783 127.916634 0.000000 0.000000
664 8.3195 870.893143 0.004578 1.30900002 127.977509 22.356785 127.916656 0.000000 0.000000
665 8.4111 870.901554 0.004578 1.30900002 127.977463 22.356781 127.916679 0.000000 0.000000
666 8.2610 870.909815 0.004578 1.30900002 127.977448 22.356781 127.916702 0.000000 0.000000
667 8.5494 870.918364 0.004578 1.30900002 127.977402 22.356781 127.916733 0.000000 0.000000
668 8.1406 870.926505 0.004578 1.30900002 127.977386 22.356781 127.916748 0.000000 0.000000
669 8.3215 870.934826 0.004578 1.30900002 127.977348 22.356777 127.916771 0.000000 0.000000
670 8.3413 870.943168 0.004578 1.30900002 127.977325 22.356777 127.916801 0.000000 0.000000
671 8.6381 870.951806 0.004951 1.30900002 127.977280 22.356773 127.916817 0.000000 0.000000
672 8.0292 870.959835 0.004951 1.30900002 127.977257 22.356773 127.916847 0.000000 0.000000
673 8.3882 870.968223 0.004578 1.30900002 127.977226 22.356773 127.916870 0.000000 0.000000
674 8.3114 870.976535 0.004578 1.30900002 127.977188 22.356773 127.916893 0.000000 0.000000
675 8.3217 870.984856 0.004578 1.30900002 127.977158 22.356771 127.916916 0.000000 0.000000
676 8.2809 870.993137 0.004578 1.30900002 127.977127 22.356770 127.916931 0.000000 0.000000
677 8.3828 871.001520 0.004578 1.30900002 127.977104 22.356770 127.916962 0.000000 0.000000
678 8.3385 871.009858 0.004578 1.30900002 127.977066 22.356770 127.916977 0.000000 0.000000
679 8.3198 871.018178 0.004578 1.30900002 127.977036 22.356766 127.917007 0.000000 0.000000
680 8.3000 871.026478 0.004578 1.30900002 127.977005 22.356766 127.917023 0.000000 0.000000
681 8.3783 871.034857 0.004951 1.30900002 127.976982 22.356766 127.917053 0.000000 0.000000
682 8.3110 871.043168 0.004951 1.30900002 127.976944 22.356762 127.917068 0.000000 0.000000
683 8.3228 871.051490 0.004578 1.30900002 127.976913 22.356762 127.917099 0.000000 0.000000
684 8.3108 871.059801 0.004578 1.30900002 127.976883 22.356762 127.917114 0.000000 0.000000
685 8.3449 871.068146 0.004578 1.30900002 127.976845 22.356760 127.917145 0.000000 0.000000
686 8.3575 871.076503 0.004578 1.30900002 127.976822 22.356758 127.917160 0.000000 0.000000
687 8.3573 871.084861 0.004578 1.30900002 127.976791 22.356758 127.917191 0.000000 0.000000
688 8.2679 871.093129 0.004578 1.30900002 127.976753 22.356754 127.917206 0.000000 0.000000
689 8.6049 871.101734 0.004951 1.30900002 127.976723 22.356754 127.917229 0.000000 0.000000
690 8.1027 871.109836 0.004951 1.30900002 127.976692 22.356754 127.917259 0.000000 0.000000
691 8.3424 871.118179 0.004578 1.30900002 127.976662 22.356752 127.917282 0.000000 0.000000
692 8.3497 871.126528 0.004578 1.30900002 127.976624 22.356750 127.917305 0.000000 0.000000
693 8.3165 871.134845 0.004578 1.30900002 127.976593 22.356750 127.917328 0.000000 0.000000
694 8.3310 871.143176 0.004578 1.30900002 127.976562 22.356750 127.917351 0.000000 0.000000
695 8.2819 871.151458 0.004578 1.30900002 127.976532 22.356747 127.917366 0.000000 0.000000
696 8.3926 871.159850 0.004578 1.30900002 127.976501 22.356747 127.917389 0.000000 0.000000
697 8.3201 871.168170 0.004951 1.30900002 127.976471 22.356745 127.917419 0.000000 0.000000
698 8.3171 871.176488 0.004951 1.30900002 127.976440 22.356743 127.917435 0.000000 0.000000
699 8.3667 871.184854 0.004578 1.30900002 127.976402 22.356741 127.917458 0.000000 0.000000
700 8.3032 871.193157 0.004578 1.30900002 127.976379 22.356743 127.917480 0.000000 0.000000
701 8.2899 871.201447 0.004578 1.30900002 127.976341 22.356741 127.917503 0.000000 0.000000
702 8.3822 871.209829 0.004578 1.30900002 127.976318 22.356739 127.917526 0.000000 0.000000
703 8.3020 871.218131 0.004578 1.30900002 127.976280 22.356739 127.917557 0.000000 0.000000
704 8.3705 871.226502 0.004578 1.30900002 127.976250 22.356739 127.917572 0.000000 0.000000
705 8.3502 871.234852 0.004578 1.30900002 127.976219 22.356737 127.917595 0.000000 0.000000
706 8.3512 871.243203 0.004578 1.30900002 127.976196 22.356735 127.917618 0.000000 0.000000
707 8.2759 871.251479 0.004951 1.30900002 127.976158 22.356733 127.917641 0.000000 0.000000
708 8.5682 871.260047 0.004951 1.30900002 127.976120 22.356731 127.917664 0.000000 0.000000
709 8.3099 871.268357 0.004578 1.30900002 127.976097 22.356731 127.917694 0.000000 0.000000
710 8.3366 871.276694 0.004578 1.30900002 127.976059 22.356731 127.917717 0.000000 0.000000
711 8.1095 871.284804 0.004578 1.30900002 127.976028 22.356731 127.917740 0.000000 0.000000
712 8.5603 871.293364 0.004578 1.30900002 127.975998 22.356728 127.917755 0.000000 0.000000
713 8.1366 871.301500 0.004578 1.30900002 127.975967 22.356728 127.917786 0.000000 0.000000
714 8.2753 871.309776 0.004578 1.30900002 127.975937 22.356726 127.917801 0.000000 0.000000
715 8.4235 871.318199 0.004951 1.30900002 127.975906 22.356724 127.917831 0.000000 0.000000
716 8.3554 871.326555 0.004951 1.30900002 127.975876 22.356724 127.917847 0.000000 0.000000
717 8.2309 871.334786 0.004578 1.30900002 127.975838 22.356722 127.917877 0.000000 0.000000
718 8.3935 871.343179 0.004578 1.30900002 127.975815 22.356720 127.917892 0.000000 0.000000
719 8.3217 871.351501 0.004578 1.30900002 127.975777 22.356718 127.917923 0.000000 0.000000
720 8.5286 871.360029 0.004578 1.30900002 127.975746 22.356718 127.917938 0.000000 0.000000
721 8.2168 871.368246 0.004578 1.30900002 127.975723 22.356718 127.917969 0.000000 0.000000
722 8.2533 871.376499 0.004578 1.30900002 127.975693 22.356716 127.917992 0.000000 0.000000
723 8.3345 871.384834 0.004578 1.30900002 127.975655 22.356716 127.918015 0.000000 0.000000
724 8.3324 871.393166 0.004578 1.30900002 127.975624 22.356714 127.918030 0.000000 0.000000
725 8.3991 871.401565 0.004578 1.30900002 127.975594 22.356712 127.918060 0.000000 0.000000
726 8.2093 871.409775 0.004578 1.30900002 127.975571 22.356710 127.918076 0.000000 0.000000
727 8.5873 871.418362 0.004578 1.30900002 127.975540 22.356710 127.918106 0.000000 0.000000
728 8.1820 871.426544 0.004578 1.30900002 127.975502 22.356709 127.918129 0.000000 0.000000
729 8.2680 871.434812 0.004578 1.30900002 127.975479 22.356709 127.918152 0.000000 0.000000
730 8.3536 871.443166 0.004578 1.30900002 127.975441 22.356709 127.918167 0.000000 0.000000
731 8.3303 871.451496 0.004578 1.30900002 127.975410 22.356707 127.918190 0.000000 0.000000
732 8.5411 871.460037 0.004578 1.30900002 127.975388 22.356705 127.918213 0.000000 0.000000
733 8.1497 871.468187 0.004951 1.30900002 127.975357 22.356703 127.918243 0.000000 0.000000
734 8.3300 871.476517 0.004951 1.30900002 127.975319 22.356701 127.918259 0.000000 0.000000
735 8.3263 871.484843 0.004578 1.30900002 127.975281 22.356701 127.918282 0.000000 0.000000
736 8.3305 871.493173 0.004578 1.30900002 127.975250 22.356701 127.918312 0.000000 0.000000
737 8.3425 871.501516 0.004578 1.30900002 127.975220 22.356699 127.918335 0.000000 0.000000
738 8.2836 871.509800 0.004578 1.30900002 127.975189 22.356697 127.918350 0.000000 0.000000
739 8.3200 871.518120 0.004578 1.30900002 127.975159 22.356697 127.918381 0.000000 0.000000
740 8.3588 871.526478 0.004578 1.30900002 127.975128 22.356693 127.918396 0.000000 0.000000
741 8.3527 871.534831 0.004951 1.30900002 127.975098 22.356693 127.918427 0.000000 0.000000
742 8.3198 871.543151 0.004951 1.30900002 127.975067 22.356693 127.918449 0.000000 0.000000
743 8.3489 871.551500 0.004578 1.30900002 127.975029 22.356693 127.918472 0.000000 0.000000
744 8.3648 871.559865 0.004578 1.30900002 127.975006 22.356689 127.918488 0.000000 0.000000
745 8.5455 871.568410 0.004578 1.30900002 127.974968 22.356688 127.918510 0.000000 0.000000
746 8.2576 871.576668 0.004578 1.30900002 127.974937 22.356689 127.918533 0.000000 0.000000
747 8.1510 871.584819 0.004578 1.30900002 127.974907 22.356688 127.918556 0.000000 0.000000
748 8.3301 871.593149 0.004578 1.30900002 127.974884 22.356686 127.918587 0.000000 0.000000
749 8.3209 871.601470 0.004578 1.30900002 127.974854 22.356686 127.918610 0.000000 0.000000
750 8.5839 871.610054 0.004578 1.30900002 127.974815 22.356682 127.918625 0.000000 0.000000
751 8.1024 871.618156 0.004951 1.30900002 127.974785 22.356682 127.918655 0.000000 0.000000
752 8.3115 871.626468 0.004951 1.30900002 127.974754 22.356682 127.918671 0.000000 0.000000
753 8.3671 871.634835 0.004578 1.30900002 127.974716 22.356680 127.918701 0.000000 0.000000
754 8.3000 871.643135 0.004578 1.30900002 127.974686 22.356678 127.918716 0.000000 0.000000
755 8.5373 871.651672 0.004578 1.30900002 127.974655 22.356678 127.918747 0.000000 0.000000
756 8.1893 871.659861 0.004578 1.30900002 127.974625 22.356678 127.918770 0.000000 0.000000
757 8.2910 871.668152 0.004578 1.30900002 127.974594 22.356676 127.918785 0.000000 0.000000
758 8.3614 871.676514 0.004578 1.30900002 127.974564 22.356674 127.918808 0.000000 0.000000
759 8.3182 871.684832 0.004951 1.30900002 127.974533 22.356672 127.918839 0.000000 0.000000
760 8.3587 871.693191 0.004951 1.30900002 127.974503 22.356670 127.918854 0.000000 0.000000
761 8.2683 871.701459 0.004578 1.30900002 127.974464 22.356670 127.918884 0.000000 0.000000
762 8.3758 871.709835 0.004578 1.30900002 127.974442 22.356670 127.918900 0.000000 0.000000
763 8.3380 871.718173 0.004578 1.30900002 127.974403 22.356668 127.918922 0.000000 0.000000
764 8.3373 871.726510 0.004578 1.30900002 127.974373 22.356667 127.918945 0.000000 0.000000
765 8.3369 871.734847 0.004578 1.30900002 127.974342 22.356665 127.918976 0.000000 0.000000
766 8.3407 871.743188 0.004578 1.30900002 127.974312 22.356665 127.918991 0.000000 0.000000
767 8.5098 871.751697 0.004578 1.30900002 127.974281 22.356665 127.919014 0.000000 0.000000
768 8.1501 871.759848 0.004578 1.30900002 127.974251 22.356663 127.919044 0.000000 0.000000
769 8.5303 871.768378 0.004951 1.30900002 127.974228 22.356663 127.919067 0.000000 0.000000
770 8.0838 871.776462 0.004951 1.30900002 127.974182 22.356659 127.919090 0.000000 0.000000
771 8.3055 871.784767 0.004578 1.30900002 127.974152 22.356659 127.919106 0.000000 0.000000
772 8.3867 871.793154 0.004578 1.30900002 127.974121 22.356659 127.919128 0.000000 0.000000
773 8.5475 871.801701 0.004578 1.30900002 127.974091 22.356657 127.919159 0.000000 0.000000
774 8.1614 871.809863 0.004578 1.30900002 127.974060 22.356655 127.919182 0.000000 0.000000
775 8.3084 871.818171 0.004578 1.30900002 127.974030 22.356655 127.919205 0.000000 0.000000
776 8.3221 871.826493 0.004578 1.30900002 127.973999 22.356651 127.919220 0.000000 0.000000
777 8.3187 871.834812 0.004951 1.30900002 127.973969 22.356651 127.919243 0.000000 0.000000
778 8.5837 871.843396 0.004951 1.30900002 127.973938 22.356651 127.919266 0.000000 0.000000
779 8.2060 871.851602 0.004578 1.30900002 127.973907 22.356651 127.919296 0.000000 0.000000
780 8.2966 871.859898 0.004578 1.30900002 127.973869 22.356647 127.919319 0.000000 0.000000
781 8.3049 871.868203 0.004578 1.30900002 127.973839 22.356646 127.919342 0.000000 0.000000
782 8.4485 871.876652 0.004578 1.30900002 127.973816 22.356646 127.919357 0.000000 0.000000
783 8.2743 871.884926 0.004578 1.30900002 127.973778 22.356646 127.919388 0.000000 0.000000
784 8.2784 871.893204 0.004578 1.30900002 127.973747 22.356644 127.919403 0.000000 0.000000
785 8.3252 871.901530 0.004578 1.30900002 127.973717 22.356644 127.919434 0.000000 0.000000
786 8.2631 871.909793 0.004578 1.30900002 127.973694 22.356640 127.919449 0.000000 0.000000
787 8.3712 871.918164 0.004951 1.30900002 127.973656 22.356640 127.919472 0.000000 0.000000
788 8.3110 871.926475 0.004951 1.30900002 127.973618 22.356640 127.919495 0.000000 0.000000
789 8.3566 871.934831 0.004578 1.30900002 127.973587 22.356638 127.919525 0.000000 0.000000
790 8.3274 871.943159 0.004578 1.30900002 127.973557 22.356636 127.919548 0.000000 0.000000
791 8.3232 871.951482 0.004578 1.30900002 127.973526 22.356636 127.919563 0.000000 0.000000
792 8.3199 871.959802 0.004578 1.30900002 127.973495 22.356634 127.919586 0.000000 0.000000
793 8.3462 871.968148 0.004578 1.30900002 127.973473 22.356636 127.919617 0.000000 0.000000
794 8.3541 871.976502 0.004578 1.30900002 127.973434 22.356632 127.919632 0.000000 0.000000
795 8.3299 871.984832 0.004951 1.30900002 127.973404 22.356630 127.919655 0.000000 0.000000
796 8.2987 871.993131 0.004951 1.30900002 127.973373 22.356628 127.919678 0.000000 0.000000
797 8.3576 872.001488 0.004578 1.30900002 127.973343 22.356628 127.919708 0.000000 0.000000
798 8.6133 872.010102 0.004578 1.30900002 127.973297 22.356628 127.919724 0.000000 0.000000
799 403.4526 872.413554 0.004578 1.30900002 127.972984 22.356615 127.919968 0.000000 0.000000
800 1.6261 872.415180 0.004578 1.30900002 127.972977 22.356615 127.919968 0.000000 0.000000
801 3.0297 872.418210 0.004578 1.30900002 127.972969 22.356615 127.919983 0.000000 0.000000
802 8.3053 872.426515 0.004578 1.30900002 127.972931 22.356613 127.919998 0.000000 0.000000
803 8.5210 872.435036 0.004578 1.30900002 127.972900 22.356613 127.920021 0.000000 0.000000
804 8.2971 872.443333 0.004578 1.30900002 127.972870 22.356611 127.920052 0.000000 0.000000
