name = Комната по скрину: стенд номенклатуры
zone = interiors
size_chunks = 1
# СТЕНД НОМЕНКЛАТУРЫ УБРАНСТВА (28.08, две партии одного дня). Общая комната
# бревенчатого дома, собранная ССЫЛКАМИ на полку assets/objects/furniture:
# эталон — images_examples/houses_indoors/image copy 9.png. Мерило владельца
# «наш набор повторяет их комнату»; ни один боевой город этой картой не затронут.
#
# ВТОРАЯ ПАРТИЯ ДОБАВИЛА ЯРУС ВЫШЕ 1.8 м, которого у комнаты не было вовсе:
# жердь-вешало под потолком и снедь на ней, люстру над столом, убранство стен.
# Расстановок 50, из них 49 — ссылки [place]; рецептом [house] осталась
# оболочка дома, очаг, пламя и ОДНА бочка — та, которой печь реестра отказывает
# по износу. Было 35 расстановок и пять рецептов.
source = stand:Gallery
scene = assets/scenes/furniture-room.scene
objects = assets/objects/furniture
description = Тридцать пять предметов полки мебели по скайримскому скрину: очаг с котлом, обеденная группа под люстрой, комод и стеллаж с посудой, сундук, шкура и ковёр, жердь со снедью под потолком, убранство стен.
built_commit =
