name = Стенд персонажа
zone = character
size_chunks = 1
# СТЕНД ПЕРСОНАЖА (заказ владельца 31.08, правило 17a). Все приёмочные кадры
# и ленты фигуры снимаются ЗДЕСЬ и больше нигде: тестовая фигурка, увиденная
# в Вайтране, — это фигурка, которую владелец видит в своей игре.
#
# ВТОРАЯ ПРИЧИНА — ИЗМЕРИМОСТЬ. Бот, идущий по городу, каждый прогон встречает
# другую землю, другой свет и другие предметы, и разница между двумя руками
# сравнения тогда содержит мир. Здесь площадка плоская, свет прибит дозой, а
# камера и очередь клипов заданы (DFN_STAND_CAM=1..4, DFN_STAND_SEQ=1).
#
# КАТЕГОРИЯ stands ОТДЕЛЬНАЯ: MapCatalog делает категорию из папки, поэтому в
# списке карт стенд стоит своей строкой, а не мусором рядом с городами.
source = stand:Gallery
scene = assets/scenes/stands/character.scene
objects = assets/objects/furniture
description = Мерная площадка фигуры: ровный настил, лавка 0.45, кровать 0.50, дверь дома, канонический марш 0.18/0.28 и склон. Четыре заданные камеры и заданная очередь клипов.
built_commit =
