name = Смотровая
zone = app
size_chunks = 1
# СМОТРОВАЯ (заказ владельца 01.09: «режим предпросмотра разных 3D-моделей в
# игре — что накачал и что генерируешь»). Пустая площадка, портретный свет и
# один постамент: модель на нём меняется стрелками, а всё остальное на карте
# существует ровно затем, чтобы НЕ попадать в кадр.
#
# ПОЧЕМУ ЭТО КАРТА, А НЕ ПУНКТ МЕНЮ. Режим уже есть у карты: MapCatalog делает
# категорию из ПАПКИ, и смотровая встаёт в список отдельной строкой рядом со
# стендами — тем же путём, которым туда попадают стенд персонажа и стенд
# взаимодействия (правило 17a). Пункт меню пришлось бы заводить второй дорогой
# в мир, и он разошёлся бы с картами в первый же день.
#
# ПОЧЕМУ КАТЕГОРИЯ stands. Правило 17a: приёмочные кадры моделей снимаются на
# выделенных стендах и нигде больше. Смотровая — стенд по устройству: ровный
# настил, прибитый свет, заданный ракурс. Владелец не должен встретить
# тестовую фигурку в своём мире.
#
# ПОЛКА НЕ НАЗВАНА НАРОЧНО. objects задаёт полку АВТО-ГРИДА галереи, а
# смотровая показывает по одной модели и берёт их из ВСЕГО дерева — с полок,
# из assets/objects/characters и из artifacts/3D. Композиция ниже пустая, и
# именно она гасит авто-грид: карта с composed-сценой не получает вторую,
# непрошеную шеренгу всей полки.
source = stand:Gallery
scene = assets/scenes/stands/viewer.scene
description = Предпросмотр моделей: постамент, портретный свет, перебор всех .dfo дерева, персонажей glTF и скачанного из artifacts/3D. Стрелки — модель, Shift — полка, Q/E — поворот, колесо — зум, R — сброс.
built_commit =
